<html>
<body>
<pre>
<h1>µVision Build Log</h1>
<h2>Tool Versions:</h2>
IDE-Version: ¦ÌVision V5.25.0.0
Copyright (C) 2017 ARM Ltd and ARM Germany GmbH. All rights reserved.
License Information: Liang Jinlong, DGUT, LIC=FYKJJ-UKCV4-DKNBN-YD03P-33TTV-NAM1Q
 
Tool Versions:
Toolchain:       MDK-ARM Plus  Version: 5.25.0.0
Toolchain Path:  D:\Program Files\MDK\ARM\ARMCC\Bin
C Compiler:      Armcc.exe V5.06 update 6 (build 750)
Assembler:       Armasm.exe V5.06 update 6 (build 750)
Linker/Locator:  ArmLink.exe V5.06 update 6 (build 750)
Library Manager: ArmAr.exe V5.06 update 6 (build 750)
Hex Converter:   FromElf.exe V5.06 update 6 (build 750)
CPU DLL:         SARMCM3.DLL V5.25.0.0
Dialog DLL:      DCM.DLL V1.17.0.0
Target DLL:      Segger\JL2CM3.dll V2.99.28.0
Dialog DLL:      TCM.DLL V1.34.0.0
 
<h2>Project:</h2>
G:\Embedded\Keil\workspace\Lora_gateway\Poject\project.uvprojx
Project File Date:  10/29/2018

<h2>Output:</h2>
*** Using Compiler 'V5.06 update 6 (build 750)', folder: 'D:\Program Files\MDK\ARM\ARMCC\Bin'
Build target 'Target 1'
compiling onenet_mqtt.c...
..\MQTT_Protocol\ONENET\onenet_mqtt.h(75): warning:  #1-D: last line of file ends without a newline
  #endif
..\Common\debug.h(26): warning:  #1-D: last line of file ends without a newline
  #endif
..\MQTT_Protocol\ONENET\onenet_mqtt.c(98): warning:  #167-D: argument of type "char *" is incompatible with parameter of type "uint8_t *"
      USART2_Write(USART2, p, len);    //´®¿Ú·¢ËÍ
..\MQTT_Protocol\ONENET\onenet_mqtt.c(111): warning:  #177-D: variable "flags"  was declared but never referenced
  	int err, flags;
..\MQTT_Protocol\ONENET\onenet_mqtt.c(147): warning:  #223-D: function "mDelay" declared implicitly
      mDelay(500);
..\MQTT_Protocol\ONENET\onenet_mqtt.c(154): warning:  #167-D: argument of type "uint8_t *" is incompatible with parameter of type "char *"
  			if((p = uartDataParse(buffer, &onenetdata_len)) == NULL)
..\MQTT_Protocol\ONENET\onenet_mqtt.c(436): warning:  #167-D: argument of type "char **" is incompatible with parameter of type "const char **"
      err = Mqtt_PackSubscribePkt(ctx->mqttbuf, 2, MQTT_QOS_LEVEL0, topic, num);
..\MQTT_Protocol\ONENET\onenet_mqtt.c(477): warning:  #167-D: argument of type "char **" is incompatible with parameter of type "const char **"
      err = Mqtt_PackUnsubscribePkt(ctx->mqttbuf, 3, topics, num);
..\MQTT_Protocol\ONENET\onenet_mqtt.c(495): warning:  #177-D: variable "ext"  was declared but never referenced
      struct MqttExtent *ext;
..\MQTT_Protocol\ONENET\onenet_mqtt.c(562): warning:  #940-D: missing return statement at end of non-void function "MqttSample_Savedata" 
  }
..\MQTT_Protocol\ONENET\onenet_mqtt.c(551): warning:  #177-D: variable "opt"  was declared but never referenced
      char opt;
..\MQTT_Protocol\ONENET\onenet_mqtt.c(669): warning:  #68-D: integer conversion resulted in a change of sign
      ctx->sendedbytes = -1;
..\MQTT_Protocol\ONENET\onenet_mqtt.c: 12 warnings, 0 errors
linking...
Program Size: Code=10126 RO-data=854 RW-data=232 ZI-data=2328  
".\Objects\project.axf" - 0 Error(s), 12 Warning(s).

<h2>Software Packages used:</h2>

Package Vendor: ARM
                http://www.keil.com/pack/ARM.CMSIS.5.2.0.pack
                ARM.CMSIS.5.2.0
                CMSIS (Cortex Microcontroller Software Interface Standard)
   * Component: CORE Version: 5.0.2

Package Vendor: rt-thread
                http://www.rt-thread.org/download/mdk/rt-thread.rtthread.2.1.1.pack
                rt-thread.rtthread.2.1.1
                RT-Thread Software Components
   * Component: shell Version: 2.1.2
   * Component: kernel Version: 2.1.2
   * Component: device drivers Version: 2.1.2

Package Vendor: Keil
                http://www.keil.com/pack/Keil.STM32F4xx_DFP.2.10.0.pack
                Keil.STM32F4xx_DFP.2.10.0
                STMicroelectronics STM32F4 Series Device Support, Drivers and Examples

<h2>Collection of Component include folders:</h2>
  .\RTE\RTOS
  .\RTE\_Target_1
  D:\Program Files\MDK\ARM\PACK\ARM\CMSIS\5.2.0\CMSIS\Include
  D:\Program Files\MDK\ARM\PACK\Keil\STM32F4xx_DFP\2.10.0\Drivers\CMSIS\Device\ST\STM32F4xx\Include
  D:\Program Files\MDK\ARM\PACK\rt-thread\rtthread\2.1.1\components\drivers\include
  D:\Program Files\MDK\ARM\PACK\rt-thread\rtthread\2.1.1\components\finsh
  D:\Program Files\MDK\ARM\PACK\rt-thread\rtthread\2.1.1\include

<h2>Collection of Component Files used:</h2>

   * Component: rt-thread.RT-Thread::RTOS:shell:2.1.2
      Source file:   components\finsh\symbol.c
      Source file:   components\finsh\cmd.c
      Source file:   components\finsh\msh_cmd.c
      Source file:   components\finsh\msh_file.c
      Source file:   components\finsh\msh.c
      Source file:   components\finsh\shell.c

   * Component: rt-thread.RT-Thread::RTOS:kernel:2.1.2
      Source file:   bsp\board.c
      Include file:  bsp\rtconfig.h
      Source file:   src\clock.c
      Source file:   src\components.c
      Source file:   src\device.c
      Source file:   src\ipc.c
      Source file:   src\idle.c
      Source file:   src\mem.c
      Source file:   src\thread.c
      Source file:   libcpu\arm\cortex-m4\context_rvds.S
      Source file:   src\timer.c
      Source file:   src\scheduler.c
      Source file:   src\object.c
      Source file:   libcpu\arm\cortex-m4\cpuport.c
      Source file:   src\irq.c
      Source file:   src\kservice.c

   * Component: rt-thread.RT-Thread::RTOS:device drivers:2.1.2
      Source file:   components\drivers\src\workqueue.c
      Source file:   components\drivers\src\portal.c
      Include file:  components\drivers\include\rtdevice.h
      Source file:   components\drivers\src\ringbuffer.c
      Source file:   components\drivers\src\pipe.c
      Source file:   components\drivers\src\completion.c

   * Component: ARM::CMSIS:CORE:5.0.2
Build Time Elapsed:  00:00:05
</pre>
</body>
</html>
