Component: ARM Compiler 5.06 update 6 (build 750) Tool: armlink [4d35ed]

==============================================================================

Section Cross References

    startup_stm32f40_41xxx.o(STACK) refers (Special) to heapauxi.o(.text) for __use_two_region_memory
    startup_stm32f40_41xxx.o(HEAP) refers (Special) to heapauxi.o(.text) for __use_two_region_memory
    startup_stm32f40_41xxx.o(RESET) refers (Special) to heapauxi.o(.text) for __use_two_region_memory
    startup_stm32f40_41xxx.o(RESET) refers to startup_stm32f40_41xxx.o(STACK) for __initial_sp
    startup_stm32f40_41xxx.o(RESET) refers to startup_stm32f40_41xxx.o(.text) for Reset_Handler
    startup_stm32f40_41xxx.o(RESET) refers to stm32f4xx_it.o(i.NMI_Handler) for NMI_Handler
    startup_stm32f40_41xxx.o(RESET) refers to context_rvds.o(.text) for HardFault_Handler
    startup_stm32f40_41xxx.o(RESET) refers to stm32f4xx_it.o(i.MemManage_Handler) for MemManage_Handler
    startup_stm32f40_41xxx.o(RESET) refers to stm32f4xx_it.o(i.BusFault_Handler) for BusFault_Handler
    startup_stm32f40_41xxx.o(RESET) refers to stm32f4xx_it.o(i.UsageFault_Handler) for UsageFault_Handler
    startup_stm32f40_41xxx.o(RESET) refers to stm32f4xx_it.o(i.SVC_Handler) for SVC_Handler
    startup_stm32f40_41xxx.o(RESET) refers to stm32f4xx_it.o(i.DebugMon_Handler) for DebugMon_Handler
    startup_stm32f40_41xxx.o(RESET) refers to board.o(i.SysTick_Handler) for SysTick_Handler
    startup_stm32f40_41xxx.o(RESET) refers to usart1.o(i.USART1_IRQHandler) for USART1_IRQHandler
    startup_stm32f40_41xxx.o(.text) refers (Special) to heapauxi.o(.text) for __use_two_region_memory
    startup_stm32f40_41xxx.o(.text) refers to system_stm32f4xx.o(i.SystemInit) for SystemInit
    startup_stm32f40_41xxx.o(.text) refers to __main.o(!!!main) for __main
    startup_stm32f40_41xxx.o(.text) refers to startup_stm32f40_41xxx.o(HEAP) for Heap_Mem
    startup_stm32f40_41xxx.o(.text) refers to startup_stm32f40_41xxx.o(STACK) for Stack_Mem
    system_stm32f4xx.o(i.SystemCoreClockUpdate) refers to system_stm32f4xx.o(.data) for SystemCoreClock
    system_stm32f4xx.o(i.SystemInit) refers to system_stm32f4xx.o(i.SetSysClock) for SetSysClock
    led.o(i.LED_Init) refers to stm32f4xx_rcc.o(i.RCC_AHB1PeriphClockCmd) for RCC_AHB1PeriphClockCmd
    led.o(i.LED_Init) refers to stm32f4xx_gpio.o(i.GPIO_Init) for GPIO_Init
    led.o(i.LED_Init) refers to stm32f4xx_gpio.o(i.GPIO_SetBits) for GPIO_SetBits
    delay.o(i.delay_init) refers to misc.o(i.SysTick_CLKSourceConfig) for SysTick_CLKSourceConfig
    delay.o(i.delay_init) refers to delay.o(.data) for fac_us
    delay.o(i.delay_ms) refers to delay.o(i.delay_ostimedly) for delay_ostimedly
    delay.o(i.delay_ms) refers to delay.o(i.delay_us) for delay_us
    delay.o(i.delay_ms) refers to delay.o(.data) for OSRunning
    delay.o(i.delay_ms) refers to irq.o(.data) for rt_interrupt_nest
    delay.o(i.delay_osschedlock) refers to scheduler.o(i.rt_enter_critical) for rt_enter_critical
    delay.o(i.delay_osschedunlock) refers to scheduler.o(i.rt_exit_critical) for rt_exit_critical
    delay.o(i.delay_ostimedly) refers to thread.o(i.rt_thread_delay) for rt_thread_delay
    delay.o(i.delay_us) refers to delay.o(i.delay_osschedlock) for delay_osschedlock
    delay.o(i.delay_us) refers to delay.o(i.delay_osschedunlock) for delay_osschedunlock
    delay.o(i.delay_us) refers to delay.o(.data) for fac_us
    usart1.o(i.USART1_IRQHandler) refers to usart1.o(i.uart_irq_handler) for uart_irq_handler
    usart1.o(i.USART1_IRQHandler) refers to usart1.o(.bss) for uart1_device
    usart1.o(i.rt_hw_console_output) refers to scheduler.o(i.rt_enter_critical) for rt_enter_critical
    usart1.o(i.rt_hw_console_output) refers to stm32f4xx_usart.o(i.USART_SendData) for USART_SendData
    usart1.o(i.rt_hw_console_output) refers to stm32f4xx_usart.o(i.USART_GetFlagStatus) for USART_GetFlagStatus
    usart1.o(i.rt_hw_console_output) refers to scheduler.o(i.rt_exit_critical) for rt_exit_critical
    usart1.o(i.rt_hw_usart_init) refers to ringbuffer.o(i.rt_ringbuffer_init) for rt_ringbuffer_init
    usart1.o(i.rt_hw_usart_init) refers to device.o(i.rt_device_register) for rt_device_register
    usart1.o(i.rt_hw_usart_init) refers to usart1.o(.bss) for uart1_device
    usart1.o(i.rt_hw_usart_init) refers to usart1.o(i.rt_uart_init) for rt_uart_init
    usart1.o(i.rt_hw_usart_init) refers to usart1.o(i.rt_uart_open) for rt_uart_open
    usart1.o(i.rt_hw_usart_init) refers to usart1.o(i.rt_uart_close) for rt_uart_close
    usart1.o(i.rt_hw_usart_init) refers to usart1.o(i.rt_uart_read) for rt_uart_read
    usart1.o(i.rt_hw_usart_init) refers to usart1.o(i.rt_uart_write) for rt_uart_write
    usart1.o(i.rt_uart_init) refers to usart1.o(i.uart1_init) for uart1_init
    usart1.o(i.rt_uart_read) refers to context_rvds.o(.text) for rt_hw_interrupt_disable
    usart1.o(i.rt_uart_read) refers to ringbuffer.o(i.rt_ringbuffer_get) for rt_ringbuffer_get
[...]
    ..\\STM32f4_LIB\\src\\stm32f4xx_gpio.c   0x00000000   Number         0  stm32f4xx_gpio.o ABSOLUTE
    ..\\STM32f4_LIB\\src\\stm32f4xx_rcc.c    0x00000000   Number         0  stm32f4xx_rcc.o ABSOLUTE
    ..\\STM32f4_LIB\\src\\stm32f4xx_syscfg.c 0x00000000   Number         0  stm32f4xx_syscfg.o ABSOLUTE
    ..\\STM32f4_LIB\\src\\stm32f4xx_usart.c  0x00000000   Number         0  stm32f4xx_usart.o ABSOLUTE
    ..\\SYSTEM\\main.c                       0x00000000   Number         0  main.o ABSOLUTE
    ..\\SYSTEM\\stm32f4xx_it.c               0x00000000   Number         0  stm32f4xx_it.o ABSOLUTE
    ..\\SYSTEM\\system_stm32f4xx.c           0x00000000   Number         0  system_stm32f4xx.o ABSOLUTE
    D:\Program Files\MDK\ARM\PACK\rt-thread\rtthread\2.1.1\components\drivers\src\completion.c 0x00000000   Number         0  completion.o ABSOLUTE
    D:\Program Files\MDK\ARM\PACK\rt-thread\rtthread\2.1.1\components\drivers\src\pipe.c 0x00000000   Number         0  pipe.o ABSOLUTE
    D:\Program Files\MDK\ARM\PACK\rt-thread\rtthread\2.1.1\components\drivers\src\portal.c 0x00000000   Number         0  portal.o ABSOLUTE
    D:\Program Files\MDK\ARM\PACK\rt-thread\rtthread\2.1.1\components\drivers\src\ringbuffer.c 0x00000000   Number         0  ringbuffer.o ABSOLUTE
    D:\Program Files\MDK\ARM\PACK\rt-thread\rtthread\2.1.1\components\drivers\src\workqueue.c 0x00000000   Number         0  workqueue.o ABSOLUTE
    D:\Program Files\MDK\ARM\PACK\rt-thread\rtthread\2.1.1\components\finsh\cmd.c 0x00000000   Number         0  cmd.o ABSOLUTE
    D:\Program Files\MDK\ARM\PACK\rt-thread\rtthread\2.1.1\components\finsh\msh.c 0x00000000   Number         0  msh.o ABSOLUTE
    D:\Program Files\MDK\ARM\PACK\rt-thread\rtthread\2.1.1\components\finsh\msh_cmd.c 0x00000000   Number         0  msh_cmd.o ABSOLUTE
    D:\Program Files\MDK\ARM\PACK\rt-thread\rtthread\2.1.1\components\finsh\msh_file.c 0x00000000   Number         0  msh_file.o ABSOLUTE
    D:\Program Files\MDK\ARM\PACK\rt-thread\rtthread\2.1.1\components\finsh\shell.c 0x00000000   Number         0  shell.o ABSOLUTE
    D:\Program Files\MDK\ARM\PACK\rt-thread\rtthread\2.1.1\components\finsh\symbol.c 0x00000000   Number         0  symbol.o ABSOLUTE
    D:\Program Files\MDK\ARM\PACK\rt-thread\rtthread\2.1.1\libcpu\arm\cortex-m4\context_rvds.S 0x00000000   Number         0  context_rvds.o ABSOLUTE
    D:\Program Files\MDK\ARM\PACK\rt-thread\rtthread\2.1.1\libcpu\arm\cortex-m4\cpuport.c 0x00000000   Number         0  cpuport.o ABSOLUTE
    D:\Program Files\MDK\ARM\PACK\rt-thread\rtthread\2.1.1\src\clock.c 0x00000000   Number         0  clock.o ABSOLUTE
    D:\Program Files\MDK\ARM\PACK\rt-thread\rtthread\2.1.1\src\components.c 0x00000000   Number         0  components.o ABSOLUTE
    D:\Program Files\MDK\ARM\PACK\rt-thread\rtthread\2.1.1\src\device.c 0x00000000   Number         0  device.o ABSOLUTE
    D:\Program Files\MDK\ARM\PACK\rt-thread\rtthread\2.1.1\src\idle.c 0x00000000   Number         0  idle.o ABSOLUTE
    D:\Program Files\MDK\ARM\PACK\rt-thread\rtthread\2.1.1\src\ipc.c 0x00000000   Number         0  ipc.o ABSOLUTE
    D:\Program Files\MDK\ARM\PACK\rt-thread\rtthread\2.1.1\src\irq.c 0x00000000   Number         0  irq.o ABSOLUTE
    D:\Program Files\MDK\ARM\PACK\rt-thread\rtthread\2.1.1\src\kservice.c 0x00000000   Number         0  kservice.o ABSOLUTE
    D:\Program Files\MDK\ARM\PACK\rt-thread\rtthread\2.1.1\src\mem.c 0x00000000   Number         0  mem.o ABSOLUTE
    D:\Program Files\MDK\ARM\PACK\rt-thread\rtthread\2.1.1\src\object.c 0x00000000   Number         0  object.o ABSOLUTE
    D:\Program Files\MDK\ARM\PACK\rt-thread\rtthread\2.1.1\src\scheduler.c 0x00000000   Number         0  scheduler.o ABSOLUTE
    D:\Program Files\MDK\ARM\PACK\rt-thread\rtthread\2.1.1\src\thread.c 0x00000000   Number         0  thread.o ABSOLUTE
    D:\Program Files\MDK\ARM\PACK\rt-thread\rtthread\2.1.1\src\timer.c 0x00000000   Number         0  timer.o ABSOLUTE
    RTE\RTOS\board.c                         0x00000000   Number         0  board.o ABSOLUTE
    RTE\\RTOS\\board.c                       0x00000000   Number         0  board.o ABSOLUTE
    dc.s                                     0x00000000   Number         0  dc.o ABSOLUTE
    RESET                                    0x08000000   Section      392  startup_stm32f40_41xxx.o(RESET)
    !!!main                                  0x08000188   Section        8  __main.o(!!!main)
    !!!scatter                               0x08000190   Section       52  __scatter.o(!!!scatter)
    !!handler_copy                           0x080001c4   Section       26  __scatter_copy.o(!!handler_copy)
    !!handler_zi                             0x080001e0   Section       28  __scatter_zi.o(!!handler_zi)
    .ARM.Collect$$libinit$$00000000          0x080001fc   Section        2  libinit.o(.ARM.Collect$$libinit$$00000000)
    .ARM.Collect$$libinit$$00000001          0x080001fe   Section        4  libinit2.o(.ARM.Collect$$libinit$$00000001)
    .ARM.Collect$$libinit$$00000004          0x08000202   Section        0  libinit2.o(.ARM.Collect$$libinit$$00000004)
    .ARM.Collect$$libinit$$0000000A          0x08000202   Section        0  libinit2.o(.ARM.Collect$$libinit$$0000000A)
    .ARM.Collect$$libinit$$0000000C          0x08000202   Section        0  libinit2.o(.ARM.Collect$$libinit$$0000000C)
    .ARM.Collect$$libinit$$0000000E          0x08000202   Section        0  libinit2.o(.ARM.Collect$$libinit$$0000000E)
    .ARM.Collect$$libinit$$00000011          0x08000202   Section        0  libinit2.o(.ARM.Collect$$libinit$$00000011)
    .ARM.Collect$$libinit$$00000013          0x08000202   Section        0  libinit2.o(.ARM.Collect$$libinit$$00000013)
    .ARM.Collect$$libinit$$00000015          0x08000202   Section        0  libinit2.o(.ARM.Collect$$libinit$$00000015)
    .ARM.Collect$$libinit$$00000017          0x08000202   Section        0  libinit2.o(.ARM.Collect$$libinit$$00000017)
    .ARM.Collect$$libinit$$00000019          0x08000202   Section        0  libinit2.o(.ARM.Collect$$libinit$$00000019)
    .ARM.Collect$$libinit$$0000001B          0x08000202   Section        0  libinit2.o(.ARM.Collect$$libinit$$0000001B)
    .ARM.Collect$$libinit$$0000001D          0x08000202   Section        0  libinit2.o(.ARM.Collect$$libinit$$0000001D)
    .ARM.Collect$$libinit$$0000001F          0x08000202   Section        0  libinit2.o(.ARM.Collect$$libinit$$0000001F)
    .ARM.Collect$$libinit$$00000021          0x08000202   Section        0  libinit2.o(.ARM.Collect$$libinit$$00000021)
    .ARM.Collect$$libinit$$00000023          0x08000202   Section        0  libinit2.o(.ARM.Collect$$libinit$$00000023)
    .ARM.Collect$$libinit$$00000025          0x08000202   Section        0  libinit2.o(.ARM.Collect$$libinit$$00000025)
    .ARM.Collect$$libinit$$0000002C          0x08000202   Section        0  libinit2.o(.ARM.Collect$$libinit$$0000002C)
    .ARM.Collect$$libinit$$0000002E          0x08000202   Section        0  libinit2.o(.ARM.Collect$$libinit$$0000002E)
    .ARM.Collect$$libinit$$00000030          0x08000202   Section        0  libinit2.o(.ARM.Collect$$libinit$$00000030)
    .ARM.Collect$$libinit$$00000032          0x08000202   Section        0  libinit2.o(.ARM.Collect$$libinit$$00000032)
    .ARM.Collect$$libinit$$00000033          0x08000202   Section        2  libinit2.o(.ARM.Collect$$libinit$$00000033)
    .ARM.Collect$$libshutdown$$00000000      0x08000204   Section        2  libshutdown.o(.ARM.Collect$$libshutdown$$00000000)
    .ARM.Collect$$libshutdown$$00000002      0x08000206   Section        0  libshutdown2.o(.ARM.Collect$$libshutdown$$00000002)
    .ARM.Collect$$libshutdown$$00000004      0x08000206   Section        0  libshutdown2.o(.ARM.Collect$$libshutdown$$00000004)
    .ARM.Collect$$libshutdown$$00000007      0x08000206   Section        0  libshutdown2.o(.ARM.Collect$$libshutdown$$00000007)
    .ARM.Collect$$libshutdown$$0000000A      0x08000206   Section        0  libshutdown2.o(.ARM.Collect$$libshutdown$$0000000A)
    .ARM.Collect$$libshutdown$$0000000C      0x08000206   Section        0  libshutdown2.o(.ARM.Collect$$libshutdown$$0000000C)
    .ARM.Collect$$libshutdown$$0000000F      0x08000206   Section        0  libshutdown2.o(.ARM.Collect$$libshutdown$$0000000F)
    .ARM.Collect$$libshutdown$$00000010      0x08000206   Section        2  libshutdown2.o(.ARM.Collect$$libshutdown$$00000010)
    .ARM.Collect$$rtentry$$00000000          0x08000208   Section        0  __rtentry.o(.ARM.Collect$$rtentry$$00000000)
    .ARM.Collect$$rtentry$$00000002          0x08000208   Section        0  __rtentry2.o(.ARM.Collect$$rtentry$$00000002)
    .ARM.Collect$$rtentry$$00000004          0x08000208   Section        6  __rtentry4.o(.ARM.Collect$$rtentry$$00000004)
    .ARM.Collect$$rtentry$$00000009          0x0800020e   Section        0  __rtentry2.o(.ARM.Collect$$rtentry$$00000009)
    .ARM.Collect$$rtentry$$0000000A          0x0800020e   Section        4  __rtentry2.o(.ARM.Collect$$rtentry$$0000000A)
    .ARM.Collect$$rtentry$$0000000C          0x08000212   Section        0  __rtentry2.o(.ARM.Collect$$rtentry$$0000000C)
    .ARM.Collect$$rtentry$$0000000D          0x08000212   Section        8  __rtentry2.o(.ARM.Collect$$rtentry$$0000000D)
    .ARM.Collect$$rtexit$$00000000           0x0800021a   Section        2  rtexit.o(.ARM.Collect$$rtexit$$00000000)
    .ARM.Collect$$rtexit$$00000002           0x0800021c   Section        0  rtexit2.o(.ARM.Collect$$rtexit$$00000002)
    .ARM.Collect$$rtexit$$00000003           0x0800021c   Section        4  rtexit2.o(.ARM.Collect$$rtexit$$00000003)
    .ARM.Collect$$rtexit$$00000004           0x08000220   Section        6  rtexit2.o(.ARM.Collect$$rtexit$$00000004)
    .text                                    0x08000228   Section       64  startup_stm32f40_41xxx.o(.text)
    $v0                                      0x08000228   Number         0  startup_stm32f40_41xxx.o(.text)
    .text                                    0x08000268   Section      268  context_rvds.o(.text)
    $v0                                      0x08000268   Number         0  context_rvds.o(.text)
    .text                                    0x08000374   Section        0  heapauxi.o(.text)
    .text                                    0x0800037c   Section        8  libspace.o(.text)
    .text                                    0x08000384   Section        2  use_no_semi.o(.text)
    .text                                    0x08000386   Section       74  sys_stackheap_outer.o(.text)
    .text                                    0x08000386   Section        0  indicate_semi.o(.text)
    .text                                    0x080003d0   Section        0  exit.o(.text)
    .text                                    0x080003e4   Section        0  sys_exit.o(.text)
    i.$Sub$$main                             0x080003f0   Section        0  components.o(i.$Sub$$main)
    i.BusFault_Handler                       0x080003fe   Section        0  stm32f4xx_it.o(i.BusFault_Handler)
    i.DebugMon_Handler                       0x08000402   Section        0  stm32f4xx_it.o(i.DebugMon_Handler)
    i.GPIO_Init                              0x08000404   Section        0  stm32f4xx_gpio.o(i.GPIO_Init)
    i.GPIO_PinAFConfig                       0x08000494   Section        0  stm32f4xx_gpio.o(i.GPIO_PinAFConfig)
    i.MemManage_Handler                      0x080004da   Section        0  stm32f4xx_it.o(i.MemManage_Handler)
    i.NMI_Handler                            0x080004de   Section        0  stm32f4xx_it.o(i.NMI_Handler)
    i.NVIC_Init                              0x080004e0   Section        0  misc.o(i.NVIC_Init)
    i.RCC_AHB1PeriphClockCmd                 0x08000558   Section        0  stm32f4xx_rcc.o(i.RCC_AHB1PeriphClockCmd)
    i.RCC_APB2PeriphClockCmd                 0x08000578   Section        0  stm32f4xx_rcc.o(i.RCC_APB2PeriphClockCmd)
    i.RCC_GetClocksFreq                      0x08000598   Section        0  stm32f4xx_rcc.o(i.RCC_GetClocksFreq)
    i.SVC_Handler                            0x08000680   Section        0  stm32f4xx_it.o(i.SVC_Handler)
    i.SetSysClock                            0x08000684   Section        0  system_stm32f4xx.o(i.SetSysClock)
    SetSysClock                              0x08000685   Thumb Code   220  system_stm32f4xx.o(i.SetSysClock)
    i.SysTick_CLKSourceConfig                0x08000770   Section        0  misc.o(i.SysTick_CLKSourceConfig)
    i.SysTick_Handler                        0x08000798   Section        0  board.o(i.SysTick_Handler)
    i.SystemInit                             0x080007a8   Section        0  system_stm32f4xx.o(i.SystemInit)
    i.USART1_IRQHandler                      0x08000810   Section        0  usart1.o(i.USART1_IRQHandler)
    i.USART_ClearFlag                        0x08000820   Section        0  stm32f4xx_usart.o(i.USART_ClearFlag)
    i.USART_Cmd                              0x08000832   Section        0  stm32f4xx_usart.o(i.USART_Cmd)
    i.USART_GetFlagStatus                    0x0800084a   Section        0  stm32f4xx_usart.o(i.USART_GetFlagStatus)
    i.USART_GetITStatus                      0x08000864   Section        0  stm32f4xx_usart.o(i.USART_GetITStatus)
    i.USART_ITConfig                         0x080008b8   Section        0  stm32f4xx_usart.o(i.USART_ITConfig)
    i.USART_Init                             0x08000904   Section        0  stm32f4xx_usart.o(i.USART_Init)
    i.USART_ReceiveData                      0x080009d8   Section        0  stm32f4xx_usart.o(i.USART_ReceiveData)
    i.USART_SendData                         0x080009e2   Section        0  stm32f4xx_usart.o(i.USART_SendData)
    i.UsageFault_Handler                     0x080009ea   Section        0  stm32f4xx_it.o(i.UsageFault_Handler)
    i.__rt_ffs                               0x080009f0   Section        0  kservice.o(i.__rt_ffs)
    i._has_defunct_thread                    0x08000a3c   Section        0  idle.o(i._has_defunct_thread)
    _has_defunct_thread                      0x08000a3d   Thumb Code    16  idle.o(i._has_defunct_thread)
    i._list_thread                           0x08000a50   Section        0  cmd.o(i._list_thread)
    _list_thread                             0x08000a51   Thumb Code   192  cmd.o(i._list_thread)
    i._rt_thread_init                        0x08000bc0   Section        0  thread.o(i._rt_thread_init)
    _rt_thread_init                          0x08000bc1   Thumb Code   124  thread.o(i._rt_thread_init)
    i._rt_timer_init                         0x08000c44   Section        0  timer.o(i._rt_timer_init)
    _rt_timer_init                           0x08000c45   Thumb Code    66  timer.o(i._rt_timer_init)
    i._rt_timer_remove                       0x08000c86   Section        0  timer.o(i._rt_timer_remove)
    _rt_timer_remove                         0x08000c87   Thumb Code    46  timer.o(i._rt_timer_remove)
    i.delay_init                             0x08000cb4   Section        0  delay.o(i.delay_init)
    i.list_thread                            0x08000d08   Section        0  cmd.o(i.list_thread)
    i.main                                   0x08000d18   Section        0  main.o(i.main)
    i.main_thread_entry                      0x08000d1c   Section        0  components.o(i.main_thread_entry)
    i.object_name_maxlen                     0x08000d2a   Section        0  cmd.o(i.object_name_maxlen)
    object_name_maxlen                       0x08000d2b   Thumb Code    62  cmd.o(i.object_name_maxlen)
    i.object_split                           0x08000d68   Section        0  cmd.o(i.object_split)
    object_split                             0x08000d69   Thumb Code    22  cmd.o(i.object_split)
    i.plug_holes                             0x08000d84   Section        0  mem.o(i.plug_holes)
    plug_holes                               0x08000d85   Thumb Code   108  mem.o(i.plug_holes)
    i.print_number                           0x08000dfc   Section        0  kservice.o(i.print_number)
    print_number                             0x08000dfd   Thumb Code   388  kservice.o(i.print_number)
    i.rt_application_init                    0x08000f88   Section        0  components.o(i.rt_application_init)
    i.rt_components_board_init               0x08000fb4   Section        0  components.o(i.rt_components_board_init)
    i.rt_components_init                     0x08001000   Section        0  components.o(i.rt_components_init)
    i.rt_console_set_device                  0x08001070   Section        0  kservice.o(i.rt_console_set_device)
    i.rt_device_close                        0x080010a4   Section        0  device.o(i.rt_device_close)
    i.rt_device_find                         0x080010dc   Section        0  device.o(i.rt_device_find)
    i.rt_device_open                         0x0800112c   Section        0  device.o(i.rt_device_open)
    i.rt_device_write                        0x080011d4   Section        0  device.o(i.rt_device_write)
    i.rt_enter_critical                      0x08001214   Section        0  scheduler.o(i.rt_enter_critical)
    i.rt_exit_critical                       0x08001234   Section        0  scheduler.o(i.rt_exit_critical)
    i.rt_free                                0x08001270   Section        0  mem.o(i.rt_free)
    i.rt_hw_board_init                       0x080012e8   Section        0  board.o(i.rt_hw_board_init)
    i.rt_hw_console_output                   0x08001378   Section        0  usart1.o(i.rt_hw_console_output)
    i.rt_hw_hard_fault_exception             0x080013c8   Section        0  cpuport.o(i.rt_hw_hard_fault_exception)
    i.rt_hw_stack_init                       0x080014d8   Section        0  cpuport.o(i.rt_hw_stack_init)
    i.rt_interrupt_enter                     0x08001528   Section        0  irq.o(i.rt_interrupt_enter)
    i.rt_interrupt_get_nest                  0x08001548   Section        0  irq.o(i.rt_interrupt_get_nest)
    i.rt_interrupt_leave                     0x08001554   Section        0  irq.o(i.rt_interrupt_leave)
    i.rt_ipc_list_resume                     0x08001574   Section        0  ipc.o(i.rt_ipc_list_resume)
    rt_ipc_list_resume                       0x08001575   Thumb Code    20  ipc.o(i.rt_ipc_list_resume)
    i.rt_ipc_list_suspend                    0x08001588   Section        0  ipc.o(i.rt_ipc_list_suspend)
    rt_ipc_list_suspend                      0x08001589   Thumb Code   108  ipc.o(i.rt_ipc_list_suspend)
    i.rt_ipc_object_init                     0x080015f4   Section        0  ipc.o(i.rt_ipc_object_init)
    rt_ipc_object_init                       0x080015f5   Thumb Code    16  ipc.o(i.rt_ipc_object_init)
    i.rt_kprintf                             0x08001604   Section        0  kservice.o(i.rt_kprintf)
    i.rt_list_init                           0x0800166c   Section        0  ipc.o(i.rt_list_init)
    rt_list_init                             0x0800166d   Thumb Code     6  ipc.o(i.rt_list_init)
    i.rt_list_init                           0x08001672   Section        0  scheduler.o(i.rt_list_init)
    rt_list_init                             0x08001673   Thumb Code     6  scheduler.o(i.rt_list_init)
    i.rt_list_init                           0x08001678   Section        0  timer.o(i.rt_list_init)
    rt_list_init                             0x08001679   Thumb Code     6  timer.o(i.rt_list_init)
    i.rt_list_insert_after                   0x0800167e   Section        0  object.o(i.rt_list_insert_after)
    rt_list_insert_after                     0x0800167f   Thumb Code    14  object.o(i.rt_list_insert_after)
    i.rt_list_insert_after                   0x0800168c   Section        0  thread.o(i.rt_list_insert_after)
    rt_list_insert_after                     0x0800168d   Thumb Code    14  thread.o(i.rt_list_insert_after)
    i.rt_list_insert_after                   0x0800169a   Section        0  timer.o(i.rt_list_insert_after)
    rt_list_insert_after                     0x0800169b   Thumb Code    14  timer.o(i.rt_list_insert_after)
    i.rt_list_insert_before                  0x080016a8   Section        0  ipc.o(i.rt_list_insert_before)
    rt_list_insert_before                    0x080016a9   Thumb Code    14  ipc.o(i.rt_list_insert_before)
    i.rt_list_isempty                        0x080016b6   Section        0  ipc.o(i.rt_list_isempty)
    rt_list_isempty                          0x080016b7   Thumb Code    16  ipc.o(i.rt_list_isempty)
    i.rt_list_isempty                        0x080016c6   Section        0  timer.o(i.rt_list_isempty)
    rt_list_isempty                          0x080016c7   Thumb Code    16  timer.o(i.rt_list_isempty)
    i.rt_list_remove                         0x080016d6   Section        0  object.o(i.rt_list_remove)
    rt_list_remove                           0x080016d7   Thumb Code    18  object.o(i.rt_list_remove)
    i.rt_list_remove                         0x080016e8   Section        0  thread.o(i.rt_list_remove)
    rt_list_remove                           0x080016e9   Thumb Code    18  thread.o(i.rt_list_remove)
    i.rt_malloc                              0x080016fc   Section        0  mem.o(i.rt_malloc)
    i.rt_memset                              0x08001868   Section        0  kservice.o(i.rt_memset)
    i.rt_object_allocate                     0x080018b0   Section        0  object.o(i.rt_object_allocate)
    i.rt_object_delete                       0x080018fc   Section        0  object.o(i.rt_object_delete)
    i.rt_object_detach                       0x0800191c   Section        0  object.o(i.rt_object_detach)
    i.rt_object_init                         0x08001938   Section        0  object.o(i.rt_object_init)
    i.rt_object_is_systemobject              0x08001978   Section        0  object.o(i.rt_object_is_systemobject)
    i.rt_ringbuffer_data_len                 0x0800198a   Section        0  usart1.o(i.rt_ringbuffer_data_len)
    rt_ringbuffer_data_len                   0x0800198b   Thumb Code   110  usart1.o(i.rt_ringbuffer_data_len)
    i.rt_ringbuffer_putchar_force            0x080019f8   Section        0  ringbuffer.o(i.rt_ringbuffer_putchar_force)
    i.rt_ringbuffer_status                   0x08001a76   Section        0  ringbuffer.o(i.rt_ringbuffer_status)
    rt_ringbuffer_status                     0x08001a77   Thumb Code    42  ringbuffer.o(i.rt_ringbuffer_status)
    i.rt_schedule                            0x08001aa0   Section        0  scheduler.o(i.rt_schedule)
    i.rt_schedule_insert_thread              0x08001b1c   Section        0  scheduler.o(i.rt_schedule_insert_thread)
    i.rt_schedule_remove_thread              0x08001b64   Section        0  scheduler.o(i.rt_schedule_remove_thread)
    i.rt_sem_init                            0x08001bb8   Section        0  ipc.o(i.rt_sem_init)
    i.rt_sem_release                         0x08001bde   Section        0  ipc.o(i.rt_sem_release)
    i.rt_sem_take                            0x08001c18   Section        0  ipc.o(i.rt_sem_take)
    i.rt_set_errno                           0x08001c8c   Section        0  kservice.o(i.rt_set_errno)
    i.rt_show_version                        0x08001cb4   Section        0  kservice.o(i.rt_show_version)
    i.rt_strlen                              0x08001d64   Section        0  kservice.o(i.rt_strlen)
    i.rt_strncmp                             0x08001d76   Section        0  kservice.o(i.rt_strncmp)
    i.rt_strncpy                             0x08001d9e   Section        0  kservice.o(i.rt_strncpy)
    i.rt_system_heap_init                    0x08001dd4   Section        0  mem.o(i.rt_system_heap_init)
    i.rt_system_scheduler_init               0x08001ecc   Section        0  scheduler.o(i.rt_system_scheduler_init)
    i.rt_system_scheduler_start              0x08001f18   Section        0  scheduler.o(i.rt_system_scheduler_start)
    i.rt_system_timer_init                   0x08001f48   Section        0  timer.o(i.rt_system_timer_init)
    i.rt_system_timer_thread_init            0x08001f64   Section        0  timer.o(i.rt_system_timer_thread_init)
    i.rt_thread_create                       0x08001f66   Section        0  thread.o(i.rt_thread_create)
    i.rt_thread_exit                         0x08001fb8   Section        0  thread.o(i.rt_thread_exit)
    i.rt_thread_idle_entry                   0x0800200c   Section        0  idle.o(i.rt_thread_idle_entry)
    rt_thread_idle_entry                     0x0800200d   Thumb Code     8  idle.o(i.rt_thread_idle_entry)
    i.rt_thread_idle_excute                  0x08002014   Section        0  idle.o(i.rt_thread_idle_excute)
    i.rt_thread_idle_init                    0x0800208c   Section        0  idle.o(i.rt_thread_idle_init)
    i.rt_thread_init                         0x080020c8   Section        0  thread.o(i.rt_thread_init)
    i.rt_thread_resume                       0x080020fc   Section        0  thread.o(i.rt_thread_resume)
    i.rt_thread_self                         0x08002134   Section        0  thread.o(i.rt_thread_self)
    i.rt_thread_startup                      0x08002140   Section        0  thread.o(i.rt_thread_startup)
    i.rt_thread_suspend                      0x0800216c   Section        0  thread.o(i.rt_thread_suspend)
    i.rt_thread_timeout                      0x080021a2   Section        0  thread.o(i.rt_thread_timeout)
    i.rt_thread_yield                        0x080021c4   Section        0  thread.o(i.rt_thread_yield)
    i.rt_tick_get                            0x08002224   Section        0  clock.o(i.rt_tick_get)
    i.rt_tick_increase                       0x08002230   Section        0  clock.o(i.rt_tick_increase)
    i.rt_timer_check                         0x08002260   Section        0  timer.o(i.rt_timer_check)
    i.rt_timer_control                       0x080022dc   Section        0  timer.o(i.rt_timer_control)
    i.rt_timer_detach                        0x08002314   Section        0  timer.o(i.rt_timer_detach)
    i.rt_timer_init                          0x08002334   Section        0  timer.o(i.rt_timer_init)
    i.rt_timer_start                         0x08002364   Section        0  timer.o(i.rt_timer_start)
    i.rt_timer_stop                          0x0800245c   Section        0  timer.o(i.rt_timer_stop)
    i.rt_vsnprintf                           0x0800248c   Section        0  kservice.o(i.rt_vsnprintf)
    i.rti_board_end                          0x080027b4   Section        0  components.o(i.rti_board_end)
    rti_board_end                            0x080027b5   Thumb Code     4  components.o(i.rti_board_end)
    i.rti_board_start                        0x080027b8   Section        0  components.o(i.rti_board_start)
    rti_board_start                          0x080027b9   Thumb Code     4  components.o(i.rti_board_start)
    i.rti_end                                0x080027bc   Section        0  components.o(i.rti_end)
    rti_end                                  0x080027bd   Thumb Code     4  components.o(i.rti_end)
    i.rtthread_startup                       0x080027c0   Section        0  components.o(i.rtthread_startup)
    i.skip_atoi                              0x080027ea   Section        0  kservice.o(i.skip_atoi)
    skip_atoi                                0x080027eb   Thumb Code    38  kservice.o(i.skip_atoi)
    i.uart1_init                             0x08002810   Section        0  usart1.o(i.uart1_init)
    i.uart_irq_handler                       0x080028c4   Section        0  usart1.o(i.uart_irq_handler)
    x$fpl$fpinit                             0x0800290c   Section       10  fpinit.o(x$fpl$fpinit)
    $v0                                      0x0800290c   Number         0  fpinit.o(x$fpl$fpinit)
    .constdata                               0x08002916   Section       48  components.o(.constdata)
    .constdata                               0x08002946   Section      290  kservice.o(.constdata)
    small_digits                             0x08002a46   Data          17  kservice.o(.constdata)
    large_digits                             0x08002a57   Data          17  kservice.o(.constdata)
    .conststring                             0x08002a68   Section       68  cmd.o(.conststring)
    .rti_fn.0.end                            0x08002aac   Section        8  components.o(.rti_fn.0.end)
    .rti_fn.1.end                            0x08002ab4   Section        8  components.o(.rti_fn.1.end)
    .rti_fn.6.end                            0x08002abc   Section        8  components.o(.rti_fn.6.end)
    .data                                    0x20000000   Section       20  system_stm32f4xx.o(.data)
    .data                                    0x20000014   Section        5  delay.o(.data)
    fac_us                                   0x20000014   Data           1  delay.o(.data)
    fac_ms                                   0x20000016   Data           2  delay.o(.data)
    .data                                    0x20000019   Section       16  stm32f4xx_rcc.o(.data)
    APBAHBPrescTable                         0x20000019   Data          16  stm32f4xx_rcc.o(.data)
    .data                                    0x2000002c   Section       16  cpuport.o(.data)
    rt_exception_hook                        0x20000038   Data           4  cpuport.o(.data)
    .data                                    0x2000003c   Section        4  clock.o(.data)
    rt_tick                                  0x2000003c   Data           4  clock.o(.data)
    .data                                    0x20000040   Section        1  irq.o(.data)
    .data                                    0x20000044   Section        8  kservice.o(.data)
    _errno                                   0x20000044   Data           4  kservice.o(.data)
    _console_device                          0x20000048   Data           4  kservice.o(.data)
    .data                                    0x2000004c   Section       24  mem.o(.data)
    heap_ptr                                 0x2000004c   Data           4  mem.o(.data)
    heap_end                                 0x20000050   Data           4  mem.o(.data)
    lfree                                    0x20000054   Data           4  mem.o(.data)
    mem_size_aligned                         0x20000058   Data           4  mem.o(.data)
    used_mem                                 0x2000005c   Data           4  mem.o(.data)
    max_mem                                  0x20000060   Data           4  mem.o(.data)
    .data                                    0x20000064   Section       96  object.o(.data)
    .data                                    0x200000c4   Section       24  scheduler.o(.data)
    rt_scheduler_lock_nest                   0x200000c4   Data           2  scheduler.o(.data)
    .data                                    0x200000dc   Section       12  timer.o(.data)
    rt_timer_list                            0x200000dc   Data           8  timer.o(.data)
    random_nr                                0x200000e4   Data           4  timer.o(.data)
    .bss                                     0x200000e8   Section       92  usart1.o(.bss)
    .bss                                     0x20000144   Section      376  idle.o(.bss)
    idle                                     0x20000144   Data         120  idle.o(.bss)
    rt_thread_stack                          0x200001bc   Data         256  idle.o(.bss)
    .bss                                     0x200002bc   Section      128  kservice.o(.bss)
    rt_log_buf                               0x200002bc   Data         128  kservice.o(.bss)
    .bss                                     0x2000033c   Section       32  mem.o(.bss)
    heap_sem                                 0x2000033c   Data          32  mem.o(.bss)
    .bss                                     0x2000035c   Section       64  scheduler.o(.bss)
    .bss                                     0x2000039c   Section       96  libspace.o(.bss)
    HEAP                                     0x20000400   Section      512  startup_stm32f40_41xxx.o(HEAP)
    Heap_Mem                                 0x20000400   Data         512  startup_stm32f40_41xxx.o(HEAP)
    STACK                                    0x20000600   Section     1024  startup_stm32f40_41xxx.o(STACK)
    Stack_Mem                                0x20000600   Data        1024  startup_stm32f40_41xxx.o(STACK)
    __initial_sp                             0x20000a00   Data           0  startup_stm32f40_41xxx.o(STACK)

    Global Symbols

    Symbol Name                              Value     Ov Type        Size  Object(Section)

    BuildAttributes$$THM_ISAv4$E$P$D$K$B$S$7EM$VFPi3$EXTD16$VFPS$VFMA$PE$A:L22UL41UL21$X:L11$S22US41US21$IEEE1$IW$USESV6$~STKCKD$USESV7$~SHL$OTIME$ROPI$IEEEX$EBA8$UX$STANDARDLIB$REQ8$PRES8$EABIv2 0x00000000   Number         0  anon$$obj.o ABSOLUTE
    __ARM_use_no_argv                        0x00000000   Number         0  main.o ABSOLUTE
    _printf_flags                            0x00000000   Number         0  printf_stubs.o ABSOLUTE
    _printf_return_value                     0x00000000   Number         0  printf_stubs.o ABSOLUTE
    _printf_sizespec                         0x00000000   Number         0  printf_stubs.o ABSOLUTE
    _printf_widthprec                        0x00000000   Number         0  printf_stubs.o ABSOLUTE
    FSymTab$$Base                             - Undefined Reference
    FSymTab$$Limit                            - Undefined Reference
    __ARM_exceptions_init                     - Undefined Weak Reference
    __alloca_initialize                       - Undefined Weak Reference
    __arm_preinit_                            - Undefined Weak Reference
    __cpp_initialize__aeabi_                  - Undefined Weak Reference
    __cxa_finalize                            - Undefined Weak Reference
    __sigvec_lookup                           - Undefined Weak Reference
    __user_heap_extent                        - Undefined Weak Reference
    _atexit_init                              - Undefined Weak Reference
    _call_atexit_fns                          - Undefined Weak Reference
    _clock_init                               - Undefined Weak Reference
    _fp_trap_init                             - Undefined Weak Reference
    _fp_trap_shutdown                         - Undefined Weak Reference
    _get_lc_collate                           - Undefined Weak Reference
    _get_lc_monetary                          - Undefined Weak Reference
    _getenv_init                              - Undefined Weak Reference
    _handle_redirection                       - Undefined Weak Reference
    _mutex_acquire                            - Undefined Weak Reference
    _mutex_free                               - Undefined Weak Reference
    _mutex_release                            - Undefined Weak Reference
    _printf_mbtowc                            - Undefined Weak Reference
    _printf_wc                                - Undefined Weak Reference
    _rand_init                                - Undefined Weak Reference
    _signal_finish                            - Undefined Weak Reference
    _signal_init                              - Undefined Weak Reference
    __Vectors_Size                           0x00000188   Number         0  startup_stm32f40_41xxx.o ABSOLUTE
    __Vectors                                0x08000000   Data           4  startup_stm32f40_41xxx.o(RESET)
    __Vectors_End                            0x08000188   Data           0  startup_stm32f40_41xxx.o(RESET)
    __main                                   0x08000189   Thumb Code     8  __main.o(!!!main)
    __scatterload                            0x08000191   Thumb Code     0  __scatter.o(!!!scatter)
    __scatterload_rt2                        0x08000191   Thumb Code    44  __scatter.o(!!!scatter)
    __scatterload_rt2_thumb_only             0x08000191   Thumb Code     0  __scatter.o(!!!scatter)
    __scatterload_null                       0x0800019f   Thumb Code     0  __scatter.o(!!!scatter)
    __scatterload_copy                       0x080001c5   Thumb Code    26  __scatter_copy.o(!!handler_copy)
    __scatterload_zeroinit                   0x080001e1   Thumb Code    28  __scatter_zi.o(!!handler_zi)
    __rt_lib_init                            0x080001fd   Thumb Code     0  libinit.o(.ARM.Collect$$libinit$$00000000)
    __rt_lib_init_fp_1                       0x080001ff   Thumb Code     0  libinit2.o(.ARM.Collect$$libinit$$00000001)
    __rt_lib_init_alloca_1                   0x08000203   Thumb Code     0  libinit2.o(.ARM.Collect$$libinit$$0000002E)
    __rt_lib_init_argv_1                     0x08000203   Thumb Code     0  libinit2.o(.ARM.Collect$$libinit$$0000002C)
    __rt_lib_init_atexit_1                   0x08000203   Thumb Code     0  libinit2.o(.ARM.Collect$$libinit$$0000001B)
    __rt_lib_init_clock_1                    0x08000203   Thumb Code     0  libinit2.o(.ARM.Collect$$libinit$$00000021)
    __rt_lib_init_cpp_1                      0x08000203   Thumb Code     0  libinit2.o(.ARM.Collect$$libinit$$00000032)
    __rt_lib_init_exceptions_1               0x08000203   Thumb Code     0  libinit2.o(.ARM.Collect$$libinit$$00000030)
    __rt_lib_init_fp_trap_1                  0x08000203   Thumb Code     0  libinit2.o(.ARM.Collect$$libinit$$0000001F)
    __rt_lib_init_getenv_1                   0x08000203   Thumb Code     0  libinit2.o(.ARM.Collect$$libinit$$00000023)
    __rt_lib_init_heap_1                     0x08000203   Thumb Code     0  libinit2.o(.ARM.Collect$$libinit$$0000000A)
    __rt_lib_init_lc_collate_1               0x08000203   Thumb Code     0  libinit2.o(.ARM.Collect$$libinit$$00000011)
    __rt_lib_init_lc_ctype_1                 0x08000203   Thumb Code     0  libinit2.o(.ARM.Collect$$libinit$$00000013)
    __rt_lib_init_lc_monetary_1              0x08000203   Thumb Code     0  libinit2.o(.ARM.Collect$$libinit$$00000015)
    __rt_lib_init_lc_numeric_1               0x08000203   Thumb Code     0  libinit2.o(.ARM.Collect$$libinit$$00000017)
    __rt_lib_init_lc_time_1                  0x08000203   Thumb Code     0  libinit2.o(.ARM.Collect$$libinit$$00000019)
    __rt_lib_init_preinit_1                  0x08000203   Thumb Code     0  libinit2.o(.ARM.Collect$$libinit$$00000004)
    __rt_lib_init_rand_1                     0x08000203   Thumb Code     0  libinit2.o(.ARM.Collect$$libinit$$0000000E)
    __rt_lib_init_return                     0x08000203   Thumb Code     0  libinit2.o(.ARM.Collect$$libinit$$00000033)
    __rt_lib_init_signal_1                   0x08000203   Thumb Code     0  libinit2.o(.ARM.Collect$$libinit$$0000001D)
    __rt_lib_init_stdio_1                    0x08000203   Thumb Code     0  libinit2.o(.ARM.Collect$$libinit$$00000025)
    __rt_lib_init_user_alloc_1               0x08000203   Thumb Code     0  libinit2.o(.ARM.Collect$$libinit$$0000000C)
    __rt_lib_shutdown                        0x08000205   Thumb Code     0  libshutdown.o(.ARM.Collect$$libshutdown$$00000000)
    __rt_lib_shutdown_cpp_1                  0x08000207   Thumb Code     0  libshutdown2.o(.ARM.Collect$$libshutdown$$00000002)
    __rt_lib_shutdown_fp_trap_1              0x08000207   Thumb Code     0  libshutdown2.o(.ARM.Collect$$libshutdown$$00000007)
    __rt_lib_shutdown_heap_1                 0x08000207   Thumb Code     0  libshutdown2.o(.ARM.Collect$$libshutdown$$0000000F)
    __rt_lib_shutdown_return                 0x08000207   Thumb Code     0  libshutdown2.o(.ARM.Collect$$libshutdown$$00000010)
    __rt_lib_shutdown_signal_1               0x08000207   Thumb Code     0  libshutdown2.o(.ARM.Collect$$libshutdown$$0000000A)
    __rt_lib_shutdown_stdio_1                0x08000207   Thumb Code     0  libshutdown2.o(.ARM.Collect$$libshutdown$$00000004)
    __rt_lib_shutdown_user_alloc_1           0x08000207   Thumb Code     0  libshutdown2.o(.ARM.Collect$$libshutdown$$0000000C)
    __rt_entry                               0x08000209   Thumb Code     0  __rtentry.o(.ARM.Collect$$rtentry$$00000000)
    __rt_entry_presh_1                       0x08000209   Thumb Code     0  __rtentry2.o(.ARM.Collect$$rtentry$$00000002)
    __rt_entry_sh                            0x08000209   Thumb Code     0  __rtentry4.o(.ARM.Collect$$rtentry$$00000004)
    __rt_entry_li                            0x0800020f   Thumb Code     0  __rtentry2.o(.ARM.Collect$$rtentry$$0000000A)
    __rt_entry_postsh_1                      0x0800020f   Thumb Code     0  __rtentry2.o(.ARM.Collect$$rtentry$$00000009)
    __rt_entry_main                          0x08000213   Thumb Code     0  __rtentry2.o(.ARM.Collect$$rtentry$$0000000D)
    __rt_entry_postli_1                      0x08000213   Thumb Code     0  __rtentry2.o(.ARM.Collect$$rtentry$$0000000C)
    __rt_exit                                0x0800021b   Thumb Code     0  rtexit.o(.ARM.Collect$$rtexit$$00000000)
    __rt_exit_ls                             0x0800021d   Thumb Code     0  rtexit2.o(.ARM.Collect$$rtexit$$00000003)
    __rt_exit_prels_1                        0x0800021d   Thumb Code     0  rtexit2.o(.ARM.Collect$$rtexit$$00000002)
    __rt_exit_exit                           0x08000221   Thumb Code     0  rtexit2.o(.ARM.Collect$$rtexit$$00000004)
    Reset_Handler                            0x08000229   Thumb Code     8  startup_stm32f40_41xxx.o(.text)
    ADC_IRQHandler                           0x08000243   Thumb Code     0  startup_stm32f40_41xxx.o(.text)
    CAN1_RX0_IRQHandler                      0x08000243   Thumb Code     0  startup_stm32f40_41xxx.o(.text)
    CAN1_RX1_IRQHandler                      0x08000243   Thumb Code     0  startup_stm32f40_41xxx.o(.text)
    CAN1_SCE_IRQHandler                      0x08000243   Thumb Code     0  startup_stm32f40_41xxx.o(.text)
    CAN1_TX_IRQHandler                       0x08000243   Thumb Code     0  startup_stm32f40_41xxx.o(.text)
    CAN2_RX0_IRQHandler                      0x08000243   Thumb Code     0  startup_stm32f40_41xxx.o(.text)
    CAN2_RX1_IRQHandler                      0x08000243   Thumb Code     0  startup_stm32f40_41xxx.o(.text)
    CAN2_SCE_IRQHandler                      0x08000243   Thumb Code     0  startup_stm32f40_41xxx.o(.text)
    CAN2_TX_IRQHandler                       0x08000243   Thumb Code     0  startup_stm32f40_41xxx.o(.text)
    CRYP_IRQHandler                          0x08000243   Thumb Code     0  startup_stm32f40_41xxx.o(.text)
    DCMI_IRQHandler                          0x08000243   Thumb Code     0  startup_stm32f40_41xxx.o(.text)
    DMA1_Stream0_IRQHandler                  0x08000243   Thumb Code     0  startup_stm32f40_41xxx.o(.text)
    DMA1_Stream1_IRQHandler                  0x08000243   Thumb Code     0  startup_stm32f40_41xxx.o(.text)
    DMA1_Stream2_IRQHandler                  0x08000243   Thumb Code     0  startup_stm32f40_41xxx.o(.text)
    DMA1_Stream3_IRQHandler                  0x08000243   Thumb Code     0  startup_stm32f40_41xxx.o(.text)
    DMA1_Stream4_IRQHandler                  0x08000243   Thumb Code     0  startup_stm32f40_41xxx.o(.text)
    DMA1_Stream5_IRQHandler                  0x08000243   Thumb Code     0  startup_stm32f40_41xxx.o(.text)
    DMA1_Stream6_IRQHandler                  0x08000243   Thumb Code     0  startup_stm32f40_41xxx.o(.text)
    DMA1_Stream7_IRQHandler                  0x08000243   Thumb Code     0  startup_stm32f40_41xxx.o(.text)
    DMA2_Stream0_IRQHandler                  0x08000243   Thumb Code     0  startup_stm32f40_41xxx.o(.text)
    DMA2_Stream1_IRQHandler                  0x08000243   Thumb Code     0  startup_stm32f40_41xxx.o(.text)
    DMA2_Stream2_IRQHandler                  0x08000243   Thumb Code     0  startup_stm32f40_41xxx.o(.text)
    DMA2_Stream3_IRQHandler                  0x08000243   Thumb Code     0  startup_stm32f40_41xxx.o(.text)
    DMA2_Stream4_IRQHandler                  0x08000243   Thumb Code     0  startup_stm32f40_41xxx.o(.text)
    DMA2_Stream5_IRQHandler                  0x08000243   Thumb Code     0  startup_stm32f40_41xxx.o(.text)
    DMA2_Stream6_IRQHandler                  0x08000243   Thumb Code     0  startup_stm32f40_41xxx.o(.text)
    DMA2_Stream7_IRQHandler                  0x08000243   Thumb Code     0  startup_stm32f40_41xxx.o(.text)
    ETH_IRQHandler                           0x08000243   Thumb Code     0  startup_stm32f40_41xxx.o(.text)
    ETH_WKUP_IRQHandler                      0x08000243   Thumb Code     0  startup_stm32f40_41xxx.o(.text)
    EXTI0_IRQHandler                         0x08000243   Thumb Code     0  startup_stm32f40_41xxx.o(.text)
    EXTI15_10_IRQHandler                     0x08000243   Thumb Code     0  startup_stm32f40_41xxx.o(.text)
    EXTI1_IRQHandler                         0x08000243   Thumb Code     0  startup_stm32f40_41xxx.o(.text)
    EXTI2_IRQHandler                         0x08000243   Thumb Code     0  startup_stm32f40_41xxx.o(.text)
    EXTI3_IRQHandler                         0x08000243   Thumb Code     0  startup_stm32f40_41xxx.o(.text)
    EXTI4_IRQHandler                         0x08000243   Thumb Code     0  startup_stm32f40_41xxx.o(.text)
    EXTI9_5_IRQHandler                       0x08000243   Thumb Code     0  startup_stm32f40_41xxx.o(.text)
    FLASH_IRQHandler                         0x08000243   Thumb Code     0  startup_stm32f40_41xxx.o(.text)
    FPU_IRQHandler                           0x08000243   Thumb Code     0  startup_stm32f40_41xxx.o(.text)
    FSMC_IRQHandler                          0x08000243   Thumb Code     0  startup_stm32f40_41xxx.o(.text)
    HASH_RNG_IRQHandler                      0x08000243   Thumb Code     0  startup_stm32f40_41xxx.o(.text)
    I2C1_ER_IRQHandler                       0x08000243   Thumb Code     0  startup_stm32f40_41xxx.o(.text)
    I2C1_EV_IRQHandler                       0x08000243   Thumb Code     0  startup_stm32f40_41xxx.o(.text)
    I2C2_ER_IRQHandler                       0x08000243   Thumb Code     0  startup_stm32f40_41xxx.o(.text)
    I2C2_EV_IRQHandler                       0x08000243   Thumb Code     0  startup_stm32f40_41xxx.o(.text)
    I2C3_ER_IRQHandler                       0x08000243   Thumb Code     0  startup_stm32f40_41xxx.o(.text)
    I2C3_EV_IRQHandler                       0x08000243   Thumb Code     0  startup_stm32f40_41xxx.o(.text)
    OTG_FS_IRQHandler                        0x08000243   Thumb Code     0  startup_stm32f40_41xxx.o(.text)
    OTG_FS_WKUP_IRQHandler                   0x08000243   Thumb Code     0  startup_stm32f40_41xxx.o(.text)
    OTG_HS_EP1_IN_IRQHandler                 0x08000243   Thumb Code     0  startup_stm32f40_41xxx.o(.text)
    OTG_HS_EP1_OUT_IRQHandler                0x08000243   Thumb Code     0  startup_stm32f40_41xxx.o(.text)
    OTG_HS_IRQHandler                        0x08000243   Thumb Code     0  startup_stm32f40_41xxx.o(.text)
    OTG_HS_WKUP_IRQHandler                   0x08000243   Thumb Code     0  startup_stm32f40_41xxx.o(.text)
    PVD_IRQHandler                           0x08000243   Thumb Code     0  startup_stm32f40_41xxx.o(.text)
    RCC_IRQHandler                           0x08000243   Thumb Code     0  startup_stm32f40_41xxx.o(.text)
    RTC_Alarm_IRQHandler                     0x08000243   Thumb Code     0  startup_stm32f40_41xxx.o(.text)
    RTC_WKUP_IRQHandler                      0x08000243   Thumb Code     0  startup_stm32f40_41xxx.o(.text)
    SDIO_IRQHandler                          0x08000243   Thumb Code     0  startup_stm32f40_41xxx.o(.text)
    SPI1_IRQHandler                          0x08000243   Thumb Code     0  startup_stm32f40_41xxx.o(.text)
    SPI2_IRQHandler                          0x08000243   Thumb Code     0  startup_stm32f40_41xxx.o(.text)
    SPI3_IRQHandler                          0x08000243   Thumb Code     0  startup_stm32f40_41xxx.o(.text)
    TAMP_STAMP_IRQHandler                    0x08000243   Thumb Code     0  startup_stm32f40_41xxx.o(.text)
    TIM1_BRK_TIM9_IRQHandler                 0x08000243   Thumb Code     0  startup_stm32f40_41xxx.o(.text)
    TIM1_CC_IRQHandler                       0x08000243   Thumb Code     0  startup_stm32f40_41xxx.o(.text)
    TIM1_TRG_COM_TIM11_IRQHandler            0x08000243   Thumb Code     0  startup_stm32f40_41xxx.o(.text)
    TIM1_UP_TIM10_IRQHandler                 0x08000243   Thumb Code     0  startup_stm32f40_41xxx.o(.text)
    TIM2_IRQHandler                          0x08000243   Thumb Code     0  startup_stm32f40_41xxx.o(.text)
    TIM3_IRQHandler                          0x08000243   Thumb Code     0  startup_stm32f40_41xxx.o(.text)
    TIM4_IRQHandler                          0x08000243   Thumb Code     0  startup_stm32f40_41xxx.o(.text)
    TIM5_IRQHandler                          0x08000243   Thumb Code     0  startup_stm32f40_41xxx.o(.text)
    TIM6_DAC_IRQHandler                      0x08000243   Thumb Code     0  startup_stm32f40_41xxx.o(.text)
    TIM7_IRQHandler                          0x08000243   Thumb Code     0  startup_stm32f40_41xxx.o(.text)
    TIM8_BRK_TIM12_IRQHandler                0x08000243   Thumb Code     0  startup_stm32f40_41xxx.o(.text)
    TIM8_CC_IRQHandler                       0x08000243   Thumb Code     0  startup_stm32f40_41xxx.o(.text)
    TIM8_TRG_COM_TIM14_IRQHandler            0x08000243   Thumb Code     0  startup_stm32f40_41xxx.o(.text)
    TIM8_UP_TIM13_IRQHandler                 0x08000243   Thumb Code     0  startup_stm32f40_41xxx.o(.text)
    UART4_IRQHandler                         0x08000243   Thumb Code     0  startup_stm32f40_41xxx.o(.text)
    UART5_IRQHandler                         0x08000243   Thumb Code     0  startup_stm32f40_41xxx.o(.text)
    USART2_IRQHandler                        0x08000243   Thumb Code     0  startup_stm32f40_41xxx.o(.text)
    USART3_IRQHandler                        0x08000243   Thumb Code     0  startup_stm32f40_41xxx.o(.text)
    USART6_IRQHandler                        0x08000243   Thumb Code     0  startup_stm32f40_41xxx.o(.text)
    WWDG_IRQHandler                          0x08000243   Thumb Code     0  startup_stm32f40_41xxx.o(.text)
    __user_initial_stackheap                 0x08000245   Thumb Code     0  startup_stm32f40_41xxx.o(.text)
    rt_hw_interrupt_disable                  0x08000269   Thumb Code     8  context_rvds.o(.text)
    rt_hw_interrupt_enable                   0x08000271   Thumb Code     6  context_rvds.o(.text)
    rt_hw_context_switch                     0x08000277   Thumb Code    32  context_rvds.o(.text)
    rt_hw_context_switch_interrupt           0x08000277   Thumb Code     0  context_rvds.o(.text)
    PendSV_Handler                           0x08000297   Thumb Code   108  context_rvds.o(.text)
    rt_hw_context_switch_to                  0x08000303   Thumb Code    68  context_rvds.o(.text)
    rt_hw_interrupt_thread_switch            0x08000347   Thumb Code     2  context_rvds.o(.text)
    HardFault_Handler                        0x08000349   Thumb Code    20  context_rvds.o(.text)
    __use_two_region_memory                  0x08000375   Thumb Code     2  heapauxi.o(.text)
    __rt_heap_escrow                         0x08000377   Thumb Code     2  heapauxi.o(.text)
    __rt_heap_expand                         0x08000379   Thumb Code     2  heapauxi.o(.text)
    __user_libspace                          0x0800037d   Thumb Code     8  libspace.o(.text)
    __user_perproc_libspace                  0x0800037d   Thumb Code     0  libspace.o(.text)
    __user_perthread_libspace                0x0800037d   Thumb Code     0  libspace.o(.text)
    __I$use$semihosting                      0x08000385   Thumb Code     0  use_no_semi.o(.text)
    __use_no_semihosting_swi                 0x08000385   Thumb Code     2  use_no_semi.o(.text)
    __semihosting_library_function           0x08000387   Thumb Code     0  indicate_semi.o(.text)
    __user_setup_stackheap                   0x08000387   Thumb Code    74  sys_stackheap_outer.o(.text)
    exit                                     0x080003d1   Thumb Code    18  exit.o(.text)
    _sys_exit                                0x080003e5   Thumb Code     8  sys_exit.o(.text)
    main                                     0x080003f1   Thumb Code    14  components.o(i.$Sub$$main)
    BusFault_Handler                         0x080003ff   Thumb Code     4  stm32f4xx_it.o(i.BusFault_Handler)
    DebugMon_Handler                         0x08000403   Thumb Code     2  stm32f4xx_it.o(i.DebugMon_Handler)
    GPIO_Init                                0x08000405   Thumb Code   144  stm32f4xx_gpio.o(i.GPIO_Init)
    GPIO_PinAFConfig                         0x08000495   Thumb Code    70  stm32f4xx_gpio.o(i.GPIO_PinAFConfig)
    MemManage_Handler                        0x080004db   Thumb Code     4  stm32f4xx_it.o(i.MemManage_Handler)
    NMI_Handler                              0x080004df   Thumb Code     2  stm32f4xx_it.o(i.NMI_Handler)
    NVIC_Init                                0x080004e1   Thumb Code   106  misc.o(i.NVIC_Init)
    RCC_AHB1PeriphClockCmd                   0x08000559   Thumb Code    26  stm32f4xx_rcc.o(i.RCC_AHB1PeriphClockCmd)
    RCC_APB2PeriphClockCmd                   0x08000579   Thumb Code    26  stm32f4xx_rcc.o(i.RCC_APB2PeriphClockCmd)
    RCC_GetClocksFreq                        0x08000599   Thumb Code   214  stm32f4xx_rcc.o(i.RCC_GetClocksFreq)
    SVC_Handler                              0x08000681   Thumb Code     2  stm32f4xx_it.o(i.SVC_Handler)
    SysTick_CLKSourceConfig                  0x08000771   Thumb Code    40  misc.o(i.SysTick_CLKSourceConfig)
    SysTick_Handler                          0x08000799   Thumb Code    16  board.o(i.SysTick_Handler)
    SystemInit                               0x080007a9   Thumb Code    88  system_stm32f4xx.o(i.SystemInit)
    USART1_IRQHandler                        0x08000811   Thumb Code    10  usart1.o(i.USART1_IRQHandler)
    USART_ClearFlag                          0x08000821   Thumb Code    18  stm32f4xx_usart.o(i.USART_ClearFlag)
    USART_Cmd                                0x08000833   Thumb Code    24  stm32f4xx_usart.o(i.USART_Cmd)
    USART_GetFlagStatus                      0x0800084b   Thumb Code    26  stm32f4xx_usart.o(i.USART_GetFlagStatus)
    USART_GetITStatus                        0x08000865   Thumb Code    84  stm32f4xx_usart.o(i.USART_GetITStatus)
    USART_ITConfig                           0x080008b9   Thumb Code    74  stm32f4xx_usart.o(i.USART_ITConfig)
    USART_Init                               0x08000905   Thumb Code   204  stm32f4xx_usart.o(i.USART_Init)
    USART_ReceiveData                        0x080009d9   Thumb Code    10  stm32f4xx_usart.o(i.USART_ReceiveData)
    USART_SendData                           0x080009e3   Thumb Code     8  stm32f4xx_usart.o(i.USART_SendData)
    UsageFault_Handler                       0x080009eb   Thumb Code     4  stm32f4xx_it.o(i.UsageFault_Handler)
    __rt_ffs                                 0x080009f1   Thumb Code    70  kservice.o(i.__rt_ffs)
    delay_init                               0x08000cb5   Thumb Code    76  delay.o(i.delay_init)
    list_thread                              0x08000d09   Thumb Code    10  cmd.o(i.list_thread)
    $Super$$main                             0x08000d19   Thumb Code     4  main.o(i.main)
    main_thread_entry                        0x08000d1d   Thumb Code    14  components.o(i.main_thread_entry)
    rt_application_init                      0x08000f89   Thumb Code    32  components.o(i.rt_application_init)
    rt_components_board_init                 0x08000fb5   Thumb Code    38  components.o(i.rt_components_board_init)
    rt_components_init                       0x08001001   Thumb Code    44  components.o(i.rt_components_init)
    rt_console_set_device                    0x08001071   Thumb Code    48  kservice.o(i.rt_console_set_device)
    rt_device_close                          0x080010a5   Thumb Code    54  device.o(i.rt_device_close)
    rt_device_find                           0x080010dd   Thumb Code    76  device.o(i.rt_device_find)
    rt_device_open                           0x0800112d   Thumb Code   110  device.o(i.rt_device_open)
    rt_device_write                          0x080011d5   Thumb Code    62  device.o(i.rt_device_write)
    rt_enter_critical                        0x08001215   Thumb Code    28  scheduler.o(i.rt_enter_critical)
    rt_exit_critical                         0x08001235   Thumb Code    54  scheduler.o(i.rt_exit_critical)
    rt_free                                  0x08001271   Thumb Code    98  mem.o(i.rt_free)
    rt_hw_board_init                         0x080012e9   Thumb Code   114  board.o(i.rt_hw_board_init)
    rt_hw_console_output                     0x08001379   Thumb Code    74  usart1.o(i.rt_hw_console_output)
    rt_hw_hard_fault_exception               0x080013c9   Thumb Code   112  cpuport.o(i.rt_hw_hard_fault_exception)
    rt_hw_stack_init                         0x080014d9   Thumb Code    74  cpuport.o(i.rt_hw_stack_init)
    rt_interrupt_enter                       0x08001529   Thumb Code    26  irq.o(i.rt_interrupt_enter)
    rt_interrupt_get_nest                    0x08001549   Thumb Code     6  irq.o(i.rt_interrupt_get_nest)
    rt_interrupt_leave                       0x08001555   Thumb Code    26  irq.o(i.rt_interrupt_leave)
    rt_kprintf                               0x08001605   Thumb Code    96  kservice.o(i.rt_kprintf)
    rt_malloc                                0x080016fd   Thumb Code   336  mem.o(i.rt_malloc)
    rt_memset                                0x08001869   Thumb Code    72  kservice.o(i.rt_memset)
    rt_object_allocate                       0x080018b1   Thumb Code    72  object.o(i.rt_object_allocate)
    rt_object_delete                         0x080018fd   Thumb Code    32  object.o(i.rt_object_delete)
    rt_object_detach                         0x0800191d   Thumb Code    26  object.o(i.rt_object_detach)
    rt_object_init                           0x08001939   Thumb Code    58  object.o(i.rt_object_init)
    rt_object_is_systemobject                0x08001979   Thumb Code    18  object.o(i.rt_object_is_systemobject)
    rt_ringbuffer_putchar_force              0x080019f9   Thumb Code   126  ringbuffer.o(i.rt_ringbuffer_putchar_force)
    rt_schedule                              0x08001aa1   Thumb Code    98  scheduler.o(i.rt_schedule)
    rt_schedule_insert_thread                0x08001b1d   Thumb Code    64  scheduler.o(i.rt_schedule_insert_thread)
    rt_schedule_remove_thread                0x08001b65   Thumb Code    76  scheduler.o(i.rt_schedule_remove_thread)
    rt_sem_init                              0x08001bb9   Thumb Code    38  ipc.o(i.rt_sem_init)
    rt_sem_release                           0x08001bdf   Thumb Code    58  ipc.o(i.rt_sem_release)
    rt_sem_take                              0x08001c19   Thumb Code   116  ipc.o(i.rt_sem_take)
    rt_set_errno                             0x08001c8d   Thumb Code    36  kservice.o(i.rt_set_errno)
    rt_show_version                          0x08001cb5   Thumb Code    38  kservice.o(i.rt_show_version)
    rt_strlen                                0x08001d65   Thumb Code    18  kservice.o(i.rt_strlen)
    rt_strncmp                               0x08001d77   Thumb Code    40  kservice.o(i.rt_strncmp)
    rt_strncpy                               0x08001d9f   Thumb Code    52  kservice.o(i.rt_strncpy)
    rt_system_heap_init                      0x08001dd5   Thumb Code   160  mem.o(i.rt_system_heap_init)
    rt_system_scheduler_init                 0x08001ecd   Thumb Code    52  scheduler.o(i.rt_system_scheduler_init)
    rt_system_scheduler_start                0x08001f19   Thumb Code    36  scheduler.o(i.rt_system_scheduler_start)
    rt_system_timer_init                     0x08001f49   Thumb Code    24  timer.o(i.rt_system_timer_init)
    rt_system_timer_thread_init              0x08001f65   Thumb Code     2  timer.o(i.rt_system_timer_thread_init)
    rt_thread_create                         0x08001f67   Thumb Code    80  thread.o(i.rt_thread_create)
    rt_thread_exit                           0x08001fb9   Thumb Code    76  thread.o(i.rt_thread_exit)
    rt_thread_idle_excute                    0x08002015   Thumb Code   114  idle.o(i.rt_thread_idle_excute)
    rt_thread_idle_init                      0x0800208d   Thumb Code    38  idle.o(i.rt_thread_idle_init)
    rt_thread_init                           0x080020c9   Thumb Code    52  thread.o(i.rt_thread_init)
    rt_thread_resume                         0x080020fd   Thumb Code    56  thread.o(i.rt_thread_resume)
    rt_thread_self                           0x08002135   Thumb Code     6  thread.o(i.rt_thread_self)
    rt_thread_startup                        0x08002141   Thumb Code    44  thread.o(i.rt_thread_startup)
    rt_thread_suspend                        0x0800216d   Thumb Code    54  thread.o(i.rt_thread_suspend)
    rt_thread_timeout                        0x080021a3   Thumb Code    32  thread.o(i.rt_thread_timeout)
    rt_thread_yield                          0x080021c5   Thumb Code    88  thread.o(i.rt_thread_yield)
    rt_tick_get                              0x08002225   Thumb Code     6  clock.o(i.rt_tick_get)
    rt_tick_increase                         0x08002231   Thumb Code    42  clock.o(i.rt_tick_increase)
    rt_timer_check                           0x08002261   Thumb Code   118  timer.o(i.rt_timer_check)
    rt_timer_control                         0x080022dd   Thumb Code    56  timer.o(i.rt_timer_control)
    rt_timer_detach                          0x08002315   Thumb Code    32  timer.o(i.rt_timer_detach)
    rt_timer_init                            0x08002335   Thumb Code    46  timer.o(i.rt_timer_init)
    rt_timer_start                           0x08002365   Thumb Code   238  timer.o(i.rt_timer_start)
    rt_timer_stop                            0x0800245d   Thumb Code    48  timer.o(i.rt_timer_stop)
    rt_vsnprintf                             0x0800248d   Thumb Code   800  kservice.o(i.rt_vsnprintf)
    rtthread_startup                         0x080027c1   Thumb Code    42  components.o(i.rtthread_startup)
    uart1_init                               0x08002811   Thumb Code   172  usart1.o(i.uart1_init)
    uart_irq_handler                         0x080028c5   Thumb Code    66  usart1.o(i.uart_irq_handler)
    _fp_init                                 0x0800290d   Thumb Code    10  fpinit.o(x$fpl$fpinit)
    __fplib_config_fpu_vfp                   0x08002915   Thumb Code     0  fpinit.o(x$fpl$fpinit)
    __fplib_config_pureend_doubles           0x08002915   Thumb Code     0  fpinit.o(x$fpl$fpinit)
    __rti_rti_start_name                     0x08002916   Data          10  components.o(.constdata)
    __rti_rti_board_start_name               0x08002920   Data          16  components.o(.constdata)
    __rti_rti_board_end_name                 0x08002930   Data          14  components.o(.constdata)
    __rti_rti_end_name                       0x0800293e   Data           8  components.o(.constdata)
    __lowest_bit_bitmap                      0x08002946   Data         256  kservice.o(.constdata)
    __rt_init_desc_rti_board_start           0x08002aac   Data           8  components.o(.rti_fn.0.end)
    __rt_init_desc_rti_board_end             0x08002ab4   Data           8  components.o(.rti_fn.1.end)
    __rt_init_desc_rti_end                   0x08002abc   Data           8  components.o(.rti_fn.6.end)
    Region$$Table$$Base                      0x08002ac4   Number         0  anon$$obj.o(Region$$Table)
    Region$$Table$$Limit                     0x08002ae4   Number         0  anon$$obj.o(Region$$Table)
    SystemCoreClock                          0x20000000   Data           4  system_stm32f4xx.o(.data)
    AHBPrescTable                            0x20000004   Data          16  system_stm32f4xx.o(.data)
    OSRunning                                0x20000018   Data           1  delay.o(.data)
    rt_interrupt_from_thread                 0x2000002c   Data           4  cpuport.o(.data)
    rt_interrupt_to_thread                   0x20000030   Data           4  cpuport.o(.data)
    rt_thread_switch_interrupt_flag          0x20000034   Data           4  cpuport.o(.data)
    rt_interrupt_nest                        0x20000040   Data           1  irq.o(.data)
    rt_object_container                      0x20000064   Data          96  object.o(.data)
    rt_current_thread                        0x200000c8   Data           4  scheduler.o(.data)
    rt_current_priority                      0x200000cc   Data           1  scheduler.o(.data)
    rt_thread_ready_priority_group           0x200000d0   Data           4  scheduler.o(.data)
    rt_thread_defunct                        0x200000d4   Data           8  scheduler.o(.data)
    uart1_device                             0x200000e8   Data          92  usart1.o(.bss)
    rt_thread_priority_table                 0x2000035c   Data          64  scheduler.o(.bss)
    __libspace_start                         0x2000039c   Data          96  libspace.o(.bss)
    __temporary_stack_top$libspace           0x200003fc   Data           0  libspace.o(.bss)
    Image$$RW_IRAM1$$ZI$$Limit               0x20000a00   Number         0  anon$$obj.o ABSOLUTE



==============================================================================

Memory Map of the image

  Image Entry point : 0x08000189

  Load Region LR_IROM1 (Base: 0x08000000, Size: 0x00002bcc, Max: 0x00100000, ABSOLUTE)

    Execution Region ER_IROM1 (Exec base: 0x08000000, Load base: 0x08000000, Size: 0x00002ae4, Max: 0x00100000, ABSOLUTE)

    Exec Addr    Load Addr    Size         Type   Attr      Idx    E Section Name        Object

    0x08000000   0x08000000   0x00000188   Data   RO            3    RESET               startup_stm32f40_41xxx.o
    0x08000188   0x08000188   0x00000008   Code   RO         4323  * !!!main             c_w.l(__main.o)
    0x08000190   0x08000190   0x00000034   Code   RO         4825    !!!scatter          c_w.l(__scatter.o)
    0x080001c4   0x080001c4   0x0000001a   Code   RO         4827    !!handler_copy      c_w.l(__scatter_copy.o)
    0x080001de   0x080001de   0x00000002   PAD
    0x080001e0   0x080001e0   0x0000001c   Code   RO         4829    !!handler_zi        c_w.l(__scatter_zi.o)
    0x080001fc   0x080001fc   0x00000002   Code   RO         4732    .ARM.Collect$$libinit$$00000000  c_w.l(libinit.o)
    0x080001fe   0x080001fe   0x00000004   Code   RO         4463    .ARM.Collect$$libinit$$00000001  c_w.l(libinit2.o)
    0x08000202   0x08000202   0x00000000   Code   RO         4466    .ARM.Collect$$libinit$$00000004  c_w.l(libinit2.o)
    0x08000202   0x08000202   0x00000000   Code   RO         4469    .ARM.Collect$$libinit$$0000000A  c_w.l(libinit2.o)
    0x08000202   0x08000202   0x00000000   Code   RO         4471    .ARM.Collect$$libinit$$0000000C  c_w.l(libinit2.o)
    0x08000202   0x08000202   0x00000000   Code   RO         4473    .ARM.Collect$$libinit$$0000000E  c_w.l(libinit2.o)
    0x08000202   0x08000202   0x00000000   Code   RO         4476    .ARM.Collect$$libinit$$00000011  c_w.l(libinit2.o)
    0x08000202   0x08000202   0x00000000   Code   RO         4478    .ARM.Collect$$libinit$$00000013  c_w.l(libinit2.o)
    0x08000202   0x08000202   0x00000000   Code   RO         4480    .ARM.Collect$$libinit$$00000015  c_w.l(libinit2.o)
    0x08000202   0x08000202   0x00000000   Code   RO         4482    .ARM.Collect$$libinit$$00000017  c_w.l(libinit2.o)
    0x08000202   0x08000202   0x00000000   Code   RO         4484    .ARM.Collect$$libinit$$00000019  c_w.l(libinit2.o)
    0x08000202   0x08000202   0x00000000   Code   RO         4486    .ARM.Collect$$libinit$$0000001B  c_w.l(libinit2.o)
    0x08000202   0x08000202   0x00000000   Code   RO         4488    .ARM.Collect$$libinit$$0000001D  c_w.l(libinit2.o)
    0x08000202   0x08000202   0x00000000   Code   RO         4490    .ARM.Collect$$libinit$$0000001F  c_w.l(libinit2.o)
    0x08000202   0x08000202   0x00000000   Code   RO         4492    .ARM.Collect$$libinit$$00000021  c_w.l(libinit2.o)
    0x08000202   0x08000202   0x00000000   Code   RO         4494    .ARM.Collect$$libinit$$00000023  c_w.l(libinit2.o)
    0x08000202   0x08000202   0x00000000   Code   RO         4496    .ARM.Collect$$libinit$$00000025  c_w.l(libinit2.o)
    0x08000202   0x08000202   0x00000000   Code   RO         4500    .ARM.Collect$$libinit$$0000002C  c_w.l(libinit2.o)
    0x08000202   0x08000202   0x00000000   Code   RO         4502    .ARM.Collect$$libinit$$0000002E  c_w.l(libinit2.o)
    0x08000202   0x08000202   0x00000000   Code   RO         4504    .ARM.Collect$$libinit$$00000030  c_w.l(libinit2.o)
    0x08000202   0x08000202   0x00000000   Code   RO         4506    .ARM.Collect$$libinit$$00000032  c_w.l(libinit2.o)
    0x08000202   0x08000202   0x00000002   Code   RO         4507    .ARM.Collect$$libinit$$00000033  c_w.l(libinit2.o)
    0x08000204   0x08000204   0x00000002   Code   RO         4822    .ARM.Collect$$libshutdown$$00000000  c_w.l(libshutdown.o)
    0x08000206   0x08000206   0x00000000   Code   RO         4734    .ARM.Collect$$libshutdown$$00000002  c_w.l(libshutdown2.o)
    0x08000206   0x08000206   0x00000000   Code   RO         4736    .ARM.Collect$$libshutdown$$00000004  c_w.l(libshutdown2.o)
    0x08000206   0x08000206   0x00000000   Code   RO         4739    .ARM.Collect$$libshutdown$$00000007  c_w.l(libshutdown2.o)
    0x08000206   0x08000206   0x00000000   Code   RO         4742    .ARM.Collect$$libshutdown$$0000000A  c_w.l(libshutdown2.o)
    0x08000206   0x08000206   0x00000000   Code   RO         4744    .ARM.Collect$$libshutdown$$0000000C  c_w.l(libshutdown2.o)
    0x08000206   0x08000206   0x00000000   Code   RO         4747    .ARM.Collect$$libshutdown$$0000000F  c_w.l(libshutdown2.o)
    0x08000206   0x08000206   0x00000002   Code   RO         4748    .ARM.Collect$$libshutdown$$00000010  c_w.l(libshutdown2.o)
    0x08000208   0x08000208   0x00000000   Code   RO         4381    .ARM.Collect$$rtentry$$00000000  c_w.l(__rtentry.o)
    0x08000208   0x08000208   0x00000000   Code   RO         4562    .ARM.Collect$$rtentry$$00000002  c_w.l(__rtentry2.o)
    0x08000208   0x08000208   0x00000006   Code   RO         4574    .ARM.Collect$$rtentry$$00000004  c_w.l(__rtentry4.o)
    0x0800020e   0x0800020e   0x00000000   Code   RO         4564    .ARM.Collect$$rtentry$$00000009  c_w.l(__rtentry2.o)
    0x0800020e   0x0800020e   0x00000004   Code   RO         4565    .ARM.Collect$$rtentry$$0000000A  c_w.l(__rtentry2.o)
    0x08000212   0x08000212   0x00000000   Code   RO         4567    .ARM.Collect$$rtentry$$0000000C  c_w.l(__rtentry2.o)
    0x08000212   0x08000212   0x00000008   Code   RO         4568    .ARM.Collect$$rtentry$$0000000D  c_w.l(__rtentry2.o)
    0x0800021a   0x0800021a   0x00000002   Code   RO         4755    .ARM.Collect$$rtexit$$00000000  c_w.l(rtexit.o)
    0x0800021c   0x0800021c   0x00000000   Code   RO         4788    .ARM.Collect$$rtexit$$00000002  c_w.l(rtexit2.o)
    0x0800021c   0x0800021c   0x00000004   Code   RO         4789    .ARM.Collect$$rtexit$$00000003  c_w.l(rtexit2.o)
    0x08000220   0x08000220   0x00000006   Code   RO         4790    .ARM.Collect$$rtexit$$00000004  c_w.l(rtexit2.o)
    0x08000226   0x08000226   0x00000002   PAD
    0x08000228   0x08000228   0x00000040   Code   RO            4    .text               startup_stm32f40_41xxx.o
    0x08000268   0x08000268   0x0000010c   Code   RO         3066    .text               context_rvds.o
    0x08000374   0x08000374   0x00000006   Code   RO         4321    .text               c_w.l(heapauxi.o)
    0x0800037a   0x0800037a   0x00000002   PAD
    0x0800037c   0x0800037c   0x00000008   Code   RO         4558    .text               c_w.l(libspace.o)
    0x08000384   0x08000384   0x00000002   Code   RO         4684    .text               c_w.l(use_no_semi.o)
    0x08000386   0x08000386   0x00000000   Code   RO         4686    .text               c_w.l(indicate_semi.o)
    0x08000386   0x08000386   0x0000004a   Code   RO         4687    .text               c_w.l(sys_stackheap_outer.o)
    0x080003d0   0x080003d0   0x00000012   Code   RO         4713    .text               c_w.l(exit.o)
    0x080003e2   0x080003e2   0x00000002   PAD
    0x080003e4   0x080003e4   0x0000000c   Code   RO         4753    .text               c_w.l(sys_exit.o)
    0x080003f0   0x080003f0   0x0000000e   Code   RO         3141    i.$Sub$$main        components.o
    0x080003fe   0x080003fe   0x00000004   Code   RO          154    i.BusFault_Handler  stm32f4xx_it.o
    0x08000402   0x08000402   0x00000002   Code   RO          155    i.DebugMon_Handler  stm32f4xx_it.o
    0x08000404   0x08000404   0x00000090   Code   RO          590    i.GPIO_Init         stm32f4xx_gpio.o
    0x08000494   0x08000494   0x00000046   Code   RO          591    i.GPIO_PinAFConfig  stm32f4xx_gpio.o
    0x080004da   0x080004da   0x00000004   Code   RO          156    i.MemManage_Handler  stm32f4xx_it.o
    0x080004de   0x080004de   0x00000002   Code   RO          157    i.NMI_Handler       stm32f4xx_it.o
    0x080004e0   0x080004e0   0x00000078   Code   RO          541    i.NVIC_Init         misc.o
    0x08000558   0x08000558   0x00000020   Code   RO          691    i.RCC_AHB1PeriphClockCmd  stm32f4xx_rcc.o
    0x08000578   0x08000578   0x00000020   Code   RO          703    i.RCC_APB2PeriphClockCmd  stm32f4xx_rcc.o
    0x08000598   0x08000598   0x000000e8   Code   RO          712    i.RCC_GetClocksFreq  stm32f4xx_rcc.o
    0x08000680   0x08000680   0x00000002   Code   RO          158    i.SVC_Handler       stm32f4xx_it.o
    0x08000682   0x08000682   0x00000002   PAD
    0x08000684   0x08000684   0x000000ec   Code   RO          211    i.SetSysClock       system_stm32f4xx.o
    0x08000770   0x08000770   0x00000028   Code   RO          545    i.SysTick_CLKSourceConfig  misc.o
    0x08000798   0x08000798   0x00000010   Code   RO         4103    i.SysTick_Handler   board.o
    0x080007a8   0x080007a8   0x00000068   Code   RO          213    i.SystemInit        system_stm32f4xx.o
    0x08000810   0x08000810   0x00000010   Code   RO          380    i.USART1_IRQHandler  usart1.o
    0x08000820   0x08000820   0x00000012   Code   RO         1029    i.USART_ClearFlag   stm32f4xx_usart.o
    0x08000832   0x08000832   0x00000018   Code   RO         1033    i.USART_Cmd         stm32f4xx_usart.o
    0x0800084a   0x0800084a   0x0000001a   Code   RO         1036    i.USART_GetFlagStatus  stm32f4xx_usart.o
    0x08000864   0x08000864   0x00000054   Code   RO         1037    i.USART_GetITStatus  stm32f4xx_usart.o
    0x080008b8   0x080008b8   0x0000004a   Code   RO         1039    i.USART_ITConfig    stm32f4xx_usart.o
    0x08000902   0x08000902   0x00000002   PAD
    0x08000904   0x08000904   0x000000d4   Code   RO         1040    i.USART_Init        stm32f4xx_usart.o
    0x080009d8   0x080009d8   0x0000000a   Code   RO         1047    i.USART_ReceiveData  stm32f4xx_usart.o
    0x080009e2   0x080009e2   0x00000008   Code   RO         1050    i.USART_SendData    stm32f4xx_usart.o
    0x080009ea   0x080009ea   0x00000004   Code   RO          159    i.UsageFault_Handler  stm32f4xx_it.o
    0x080009ee   0x080009ee   0x00000002   PAD
    0x080009f0   0x080009f0   0x0000004c   Code   RO         3493    i.__rt_ffs          kservice.o
    0x08000a3c   0x08000a3c   0x00000014   Code   RO         3289    i._has_defunct_thread  idle.o
    0x08000a50   0x08000a50   0x00000170   Code   RO         2742    i._list_thread      cmd.o
    0x08000bc0   0x08000bc0   0x00000084   Code   RO         3878    i._rt_thread_init   thread.o
    0x08000c44   0x08000c44   0x00000042   Code   RO         3993    i._rt_timer_init    timer.o
    0x08000c86   0x08000c86   0x0000002e   Code   RO         3994    i._rt_timer_remove  timer.o
    0x08000cb4   0x08000cb4   0x00000054   Code   RO          276    i.delay_init        delay.o
    0x08000d08   0x08000d08   0x00000010   Code   RO         2750    i.list_thread       cmd.o
    0x08000d18   0x08000d18   0x00000004   Code   RO           13    i.main              main.o
    0x08000d1c   0x08000d1c   0x0000000e   Code   RO         3142    i.main_thread_entry  components.o
    0x08000d2a   0x08000d2a   0x0000003e   Code   RO         2752    i.object_name_maxlen  cmd.o
    0x08000d68   0x08000d68   0x0000001c   Code   RO         2753    i.object_split      cmd.o
    0x08000d84   0x08000d84   0x00000078   Code   RO         3683    i.plug_holes        mem.o
    0x08000dfc   0x08000dfc   0x0000018c   Code   RO         3495    i.print_number      kservice.o
    0x08000f88   0x08000f88   0x0000002c   Code   RO         3143    i.rt_application_init  components.o
    0x08000fb4   0x08000fb4   0x0000004c   Code   RO         3144    i.rt_components_board_init  components.o
    0x08001000   0x08001000   0x00000070   Code   RO         3145    i.rt_components_init  components.o
    0x08001070   0x08001070   0x00000034   Code   RO         3497    i.rt_console_set_device  kservice.o
    0x080010a4   0x080010a4   0x00000036   Code   RO         3210    i.rt_device_close   device.o
    0x080010da   0x080010da   0x00000002   PAD
    0x080010dc   0x080010dc   0x00000050   Code   RO         3212    i.rt_device_find    device.o
    0x0800112c   0x0800112c   0x000000a8   Code   RO         3215    i.rt_device_open    device.o
    0x080011d4   0x080011d4   0x0000003e   Code   RO         3221    i.rt_device_write   device.o
    0x08001212   0x08001212   0x00000002   PAD
    0x08001214   0x08001214   0x00000020   Code   RO         3812    i.rt_enter_critical  scheduler.o
    0x08001234   0x08001234   0x0000003c   Code   RO         3813    i.rt_exit_critical  scheduler.o
    0x08001270   0x08001270   0x00000078   Code   RO         3685    i.rt_free           mem.o
    0x080012e8   0x080012e8   0x00000090   Code   RO         4104    i.rt_hw_board_init  board.o
    0x08001378   0x08001378   0x00000050   Code   RO          381    i.rt_hw_console_output  usart1.o
    0x080013c8   0x080013c8   0x00000110   Code   RO         3072    i.rt_hw_hard_fault_exception  cpuport.o
    0x080014d8   0x080014d8   0x00000050   Code   RO         3073    i.rt_hw_stack_init  cpuport.o
    0x08001528   0x08001528   0x00000020   Code   RO         3466    i.rt_interrupt_enter  irq.o
    0x08001548   0x08001548   0x0000000c   Code   RO         3467    i.rt_interrupt_get_nest  irq.o
    0x08001554   0x08001554   0x00000020   Code   RO         3468    i.rt_interrupt_leave  irq.o
    0x08001574   0x08001574   0x00000014   Code   RO         3329    i.rt_ipc_list_resume  ipc.o
    0x08001588   0x08001588   0x0000006c   Code   RO         3331    i.rt_ipc_list_suspend  ipc.o
    0x080015f4   0x080015f4   0x00000010   Code   RO         3332    i.rt_ipc_object_init  ipc.o
    0x08001604   0x08001604   0x00000068   Code   RO         3501    i.rt_kprintf        kservice.o
    0x0800166c   0x0800166c   0x00000006   Code   RO         3333    i.rt_list_init      ipc.o
    0x08001672   0x08001672   0x00000006   Code   RO         3814    i.rt_list_init      scheduler.o
    0x08001678   0x08001678   0x00000006   Code   RO         3995    i.rt_list_init      timer.o
    0x0800167e   0x0800167e   0x0000000e   Code   RO         3741    i.rt_list_insert_after  object.o
    0x0800168c   0x0800168c   0x0000000e   Code   RO         3879    i.rt_list_insert_after  thread.o
    0x0800169a   0x0800169a   0x0000000e   Code   RO         3996    i.rt_list_insert_after  timer.o
    0x080016a8   0x080016a8   0x0000000e   Code   RO         3334    i.rt_list_insert_before  ipc.o
    0x080016b6   0x080016b6   0x00000010   Code   RO         3335    i.rt_list_isempty   ipc.o
    0x080016c6   0x080016c6   0x00000010   Code   RO         3997    i.rt_list_isempty   timer.o
    0x080016d6   0x080016d6   0x00000012   Code   RO         3742    i.rt_list_remove    object.o
    0x080016e8   0x080016e8   0x00000012   Code   RO         3880    i.rt_list_remove    thread.o
    0x080016fa   0x080016fa   0x00000002   PAD
    0x080016fc   0x080016fc   0x0000016c   Code   RO         3686    i.rt_malloc         mem.o
    0x08001868   0x08001868   0x00000048   Code   RO         3507    i.rt_memset         kservice.o
    0x080018b0   0x080018b0   0x0000004c   Code   RO         3743    i.rt_object_allocate  object.o
    0x080018fc   0x080018fc   0x00000020   Code   RO         3744    i.rt_object_delete  object.o
    0x0800191c   0x0800191c   0x0000001a   Code   RO         3745    i.rt_object_detach  object.o
    0x08001936   0x08001936   0x00000002   PAD
    0x08001938   0x08001938   0x00000040   Code   RO         3748    i.rt_object_init    object.o
    0x08001978   0x08001978   0x00000012   Code   RO         3749    i.rt_object_is_systemobject  object.o
    0x0800198a   0x0800198a   0x0000006e   Code   RO          383    i.rt_ringbuffer_data_len  usart1.o
    0x080019f8   0x080019f8   0x0000007e   Code   RO         2624    i.rt_ringbuffer_putchar_force  ringbuffer.o
    0x08001a76   0x08001a76   0x0000002a   Code   RO         2625    i.rt_ringbuffer_status  ringbuffer.o
    0x08001aa0   0x08001aa0   0x0000007c   Code   RO         3815    i.rt_schedule       scheduler.o
    0x08001b1c   0x08001b1c   0x00000048   Code   RO         3816    i.rt_schedule_insert_thread  scheduler.o
    0x08001b64   0x08001b64   0x00000054   Code   RO         3817    i.rt_schedule_remove_thread  scheduler.o
    0x08001bb8   0x08001bb8   0x00000026   Code   RO         3348    i.rt_sem_init       ipc.o
    0x08001bde   0x08001bde   0x0000003a   Code   RO         3349    i.rt_sem_release    ipc.o
    0x08001c18   0x08001c18   0x00000074   Code   RO         3350    i.rt_sem_take       ipc.o
    0x08001c8c   0x08001c8c   0x00000028   Code   RO         3508    i.rt_set_errno      kservice.o
    0x08001cb4   0x08001cb4   0x000000b0   Code   RO         3509    i.rt_show_version   kservice.o
    0x08001d64   0x08001d64   0x00000012   Code   RO         3515    i.rt_strlen         kservice.o
    0x08001d76   0x08001d76   0x00000028   Code   RO         3516    i.rt_strncmp        kservice.o
    0x08001d9e   0x08001d9e   0x00000034   Code   RO         3517    i.rt_strncpy        kservice.o
    0x08001dd2   0x08001dd2   0x00000002   PAD
    0x08001dd4   0x08001dd4   0x000000f8   Code   RO         3689    i.rt_system_heap_init  mem.o
    0x08001ecc   0x08001ecc   0x0000004c   Code   RO         3818    i.rt_system_scheduler_init  scheduler.o
    0x08001f18   0x08001f18   0x00000030   Code   RO         3819    i.rt_system_scheduler_start  scheduler.o
    0x08001f48   0x08001f48   0x0000001c   Code   RO         3998    i.rt_system_timer_init  timer.o
    0x08001f64   0x08001f64   0x00000002   Code   RO         3999    i.rt_system_timer_thread_init  timer.o
    0x08001f66   0x08001f66   0x00000050   Code   RO         3882    i.rt_thread_create  thread.o
    0x08001fb6   0x08001fb6   0x00000002   PAD
    0x08001fb8   0x08001fb8   0x00000054   Code   RO         3886    i.rt_thread_exit    thread.o
    0x0800200c   0x0800200c   0x00000008   Code   RO         3290    i.rt_thread_idle_entry  idle.o
    0x08002014   0x08002014   0x00000078   Code   RO         3291    i.rt_thread_idle_excute  idle.o
    0x0800208c   0x0800208c   0x0000003c   Code   RO         3293    i.rt_thread_idle_init  idle.o
    0x080020c8   0x080020c8   0x00000034   Code   RO         3888    i.rt_thread_init    thread.o
    0x080020fc   0x080020fc   0x00000038   Code   RO         3889    i.rt_thread_resume  thread.o
    0x08002134   0x08002134   0x0000000c   Code   RO         3890    i.rt_thread_self    thread.o
    0x08002140   0x08002140   0x0000002c   Code   RO         3892    i.rt_thread_startup  thread.o
    0x0800216c   0x0800216c   0x00000036   Code   RO         3893    i.rt_thread_suspend  thread.o
    0x080021a2   0x080021a2   0x00000020   Code   RO         3894    i.rt_thread_timeout  thread.o
    0x080021c2   0x080021c2   0x00000002   PAD
    0x080021c4   0x080021c4   0x00000060   Code   RO         3895    i.rt_thread_yield   thread.o
    0x08002224   0x08002224   0x0000000c   Code   RO         3105    i.rt_tick_get       clock.o
    0x08002230   0x08002230   0x00000030   Code   RO         3106    i.rt_tick_increase  clock.o
    0x08002260   0x08002260   0x0000007c   Code   RO         4000    i.rt_timer_check    timer.o
    0x080022dc   0x080022dc   0x00000038   Code   RO         4001    i.rt_timer_control  timer.o
    0x08002314   0x08002314   0x00000020   Code   RO         4004    i.rt_timer_detach   timer.o
    0x08002334   0x08002334   0x0000002e   Code   RO         4005    i.rt_timer_init     timer.o
    0x08002362   0x08002362   0x00000002   PAD
    0x08002364   0x08002364   0x000000f8   Code   RO         4008    i.rt_timer_start    timer.o
    0x0800245c   0x0800245c   0x00000030   Code   RO         4009    i.rt_timer_stop     timer.o
    0x0800248c   0x0800248c   0x00000328   Code   RO         3520    i.rt_vsnprintf      kservice.o
    0x080027b4   0x080027b4   0x00000004   Code   RO         3146    i.rti_board_end     components.o
    0x080027b8   0x080027b8   0x00000004   Code   RO         3147    i.rti_board_start   components.o
    0x080027bc   0x080027bc   0x00000004   Code   RO         3148    i.rti_end           components.o
    0x080027c0   0x080027c0   0x0000002a   Code   RO         3150    i.rtthread_startup  components.o
    0x080027ea   0x080027ea   0x00000026   Code   RO         3522    i.skip_atoi         kservice.o
    0x08002810   0x08002810   0x000000b4   Code   RO          389    i.uart1_init        usart1.o
    0x080028c4   0x080028c4   0x00000048   Code   RO          390    i.uart_irq_handler  usart1.o
    0x0800290c   0x0800290c   0x0000000a   Code   RO         4669    x$fpl$fpinit        fz_wm.l(fpinit.o)
    0x08002916   0x08002916   0x00000030   Data   RO         3151    .constdata          components.o
    0x08002946   0x08002946   0x00000122   Data   RO         3524    .constdata          kservice.o
    0x08002a68   0x08002a68   0x00000044   Data   RO         2759    .conststring        cmd.o
    0x08002aac   0x08002aac   0x00000008   Data   RO         3153    .rti_fn.0.end       components.o
    0x08002ab4   0x08002ab4   0x00000008   Data   RO         3154    .rti_fn.1.end       components.o
    0x08002abc   0x08002abc   0x00000008   Data   RO         3155    .rti_fn.6.end       components.o
    0x08002ac4   0x08002ac4   0x00000020   Data   RO         4823    Region$$Table       anon$$obj.o


    Execution Region RW_IRAM1 (Exec base: 0x20000000, Load base: 0x08002ae4, Size: 0x00000a00, Max: 0x00020000, ABSOLUTE)

    Exec Addr    Load Addr    Size         Type   Attr      Idx    E Section Name        Object

    0x20000000   0x08002ae4   0x00000014   Data   RW          214    .data               system_stm32f4xx.o
    0x20000014   0x08002af8   0x00000005   Data   RW          282    .data               delay.o
    0x20000019   0x08002afd   0x00000010   Data   RW          744    .data               stm32f4xx_rcc.o
    0x20000029   0x08002b0d   0x00000003   PAD
    0x2000002c   0x08002b10   0x00000010   Data   RW         3074    .data               cpuport.o
    0x2000003c   0x08002b20   0x00000004   Data   RW         3108    .data               clock.o
    0x20000040   0x08002b24   0x00000001   Data   RW         3469    .data               irq.o
    0x20000041   0x08002b25   0x00000003   PAD
    0x20000044   0x08002b28   0x00000008   Data   RW         3525    .data               kservice.o
    0x2000004c   0x08002b30   0x00000018   Data   RW         3692    .data               mem.o
    0x20000064   0x08002b48   0x00000060   Data   RW         3751    .data               object.o
    0x200000c4   0x08002ba8   0x00000018   Data   RW         3821    .data               scheduler.o
    0x200000dc   0x08002bc0   0x0000000c   Data   RW         4010    .data               timer.o
    0x200000e8        -       0x0000005c   Zero   RW          391    .bss                usart1.o
    0x20000144        -       0x00000178   Zero   RW         3294    .bss                idle.o
    0x200002bc        -       0x00000080   Zero   RW         3523    .bss                kservice.o
    0x2000033c        -       0x00000020   Zero   RW         3690    .bss                mem.o
    0x2000035c        -       0x00000040   Zero   RW         3820    .bss                scheduler.o
    0x2000039c        -       0x00000060   Zero   RW         4559    .bss                c_w.l(libspace.o)
    0x200003fc   0x08002bcc   0x00000004   PAD
    0x20000400        -       0x00000200   Zero   RW            2    HEAP                startup_stm32f40_41xxx.o
    0x20000600        -       0x00000400   Zero   RW            1    STACK               startup_stm32f40_41xxx.o


==============================================================================

Image component sizes


      Code (inc. data)   RO Data    RW Data    ZI Data      Debug   Object Name

       160         30          0          0          0      27336   board.o
        60         12          0          4          0       1265   clock.o
       474        188         68          0          0       7483   cmd.o
       314        118         72          0          0       6228   components.o
       268         24          0          0          0        904   context_rvds.o
       352        166          0         16          0       3754   cpuport.o
        84          8          0          5          0       9629   delay.o
       364         62          0          0          0       3628   device.o
       208         32          0          0        376       4162   idle.o
       392          0          0          0          0       6213   ipc.o
        76         18          0          1          0       2238   irq.o
      1872        176        290          8        128      11392   kservice.o
         4          0          0          0          0     262351   main.o
       852        150          0         24         32       4323   mem.o
       160         14          0          0          0       1562   misc.o
       248         10          0         96          0       6138   object.o
         0          0          0          0          0        904   pipe.o
       168          0          0          0          0       4082   ringbuffer.o
       502         88          0         24         64       7226   scheduler.o
        64         26        392          0       1536        868   startup_stm32f40_41xxx.o
       214          0          0          0          0       1779   stm32f4xx_gpio.o
        18          0          0          0          0       2767   stm32f4xx_it.o
       296         30          0         16          0       4034   stm32f4xx_rcc.o
       456          8          0          0          0       6079   stm32f4xx_usart.o
       340         32          0         20          0       1789   system_stm32f4xx.o
       674         30          0          0          0       9719   thread.o
       732         20          0         12          0      10200   timer.o
       458         26          0          0         92       6226   usart1.o

    ----------------------------------------------------------------------
      9832       1268        854        232       2228     414279   Object Totals
         0          0         32          0          0          0   (incl. Generated)
        22          0          0          6          0          0   (incl. Padding)

    ----------------------------------------------------------------------

      Code (inc. data)   RO Data    RW Data    ZI Data      Debug   Library Member Name

         8          0          0          0          0         68   __main.o
         0          0          0          0          0          0   __rtentry.o
        12          0          0          0          0          0   __rtentry2.o
         6          0          0          0          0          0   __rtentry4.o
        52          8          0          0          0          0   __scatter.o
        26          0          0          0          0          0   __scatter_copy.o
        28          0          0          0          0          0   __scatter_zi.o
        18          0          0          0          0         80   exit.o
         6          0          0          0          0        152   heapauxi.o
         0          0          0          0          0          0   indicate_semi.o
         2          0          0          0          0          0   libinit.o
         6          0          0          0          0          0   libinit2.o
         2          0          0          0          0          0   libshutdown.o
         2          0          0          0          0          0   libshutdown2.o
         8          4          0          0         96         68   libspace.o
         2          0          0          0          0          0   rtexit.o
        10          0          0          0          0          0   rtexit2.o
        12          4          0          0          0         68   sys_exit.o
        74          0          0          0          0         80   sys_stackheap_outer.o
         2          0          0          0          0         68   use_no_semi.o
        10          0          0          0          0        116   fpinit.o

    ----------------------------------------------------------------------
       294         16          0          0        100        700   Library Totals
         8          0          0          0          4          0   (incl. Padding)

    ----------------------------------------------------------------------

      Code (inc. data)   RO Data    RW Data    ZI Data      Debug   Library Name

       276         16          0          0         96        584   c_w.l
        10          0          0          0          0        116   fz_wm.l

    ----------------------------------------------------------------------
       294         16          0          0        100        700   Library Totals

    ----------------------------------------------------------------------

==============================================================================


      Code (inc. data)   RO Data    RW Data    ZI Data      Debug   

     10126       1284        854        232       2328     402623   Grand Totals
     10126       1284        854        232       2328     402623   ELF Image Totals
     10126       1284        854        232          0          0   ROM Totals

==============================================================================

    Total RO  Size (Code + RO Data)                10980 (  10.72kB)
    Total RW  Size (RW Data + ZI Data)              2560 (   2.50kB)
    Total ROM Size (Code + RO Data + RW Data)      11212 (  10.95kB)

==============================================================================

